ARM Linker, 5.03 [Build 76] [MDK-ARM Standard]

==============================================================================

Section Cross References

    startup.o(RESET) refers to startup.o(STACK) for StackMem
    startup.o(RESET) refers to osasm.o(.text) for PendSV_Handler
    startup.o(RESET) refers to uart.o(i.UART0_Handler) for UART0_Handler
    startup.o(RESET) refers to adc.o(i.ADC0Seq2_Handler) for ADC0Seq2_Handler
    startup.o(RESET) refers to os.o(i.GPIOPortF_Handler) for GPIOPortF_Handler
    startup.o(RESET) refers to os.o(i.Timer5A_Handler) for Timer5A_Handler
    startup.o(RESET) refers to os.o(i.WideTimer0A_Handler) for WideTimer0A_Handler
    startup.o(RESET) refers to os.o(i.WideTimer0B_Handler) for WideTimer0B_Handler
    startup.o(RESET) refers to entry.o(.ARM.Collect$$$$00000000) for __main
    startup.o(.text) refers to os.o(i.OS_disintTime) for OS_disintTime
    startup.o(.text) refers to os.o(i.OS_enintTime) for OS_enintTime
    st7735.o(i.Output_Clear) refers to st7735.o(i.ST7735_FillScreen) for ST7735_FillScreen
    st7735.o(i.Output_Color) refers to st7735.o(i.ST7735_SetTextColor) for ST7735_SetTextColor
    st7735.o(i.Output_Init) refers to st7735.o(i.ST7735_InitR) for ST7735_InitR
    st7735.o(i.Output_Init) refers to st7735.o(i.ST7735_FillScreen) for ST7735_FillScreen
    st7735.o(i.Output_Off) refers to st7735.o(i.Output_Clear) for Output_Clear
    st7735.o(i.Output_On) refers to st7735.o(i.Output_Init) for Output_Init
    st7735.o(i.ST7735_DrawBitmap) refers to st7735.o(i.setAddrWindow) for setAddrWindow
    st7735.o(i.ST7735_DrawBitmap) refers to st7735.o(i.writedata) for writedata
    st7735.o(i.ST7735_DrawBitmap) refers to st7735.o(.data) for _width
    st7735.o(i.ST7735_DrawChar) refers to st7735.o(i.setAddrWindow) for setAddrWindow
    st7735.o(i.ST7735_DrawChar) refers to st7735.o(i.pushColor) for pushColor
    st7735.o(i.ST7735_DrawChar) refers to st7735.o(.data) for _width
    st7735.o(i.ST7735_DrawChar) refers to st7735.o(.constdata) for Font
    st7735.o(i.ST7735_DrawCharS) refers to st7735.o(i.ST7735_DrawPixel) for ST7735_DrawPixel
    st7735.o(i.ST7735_DrawCharS) refers to st7735.o(i.ST7735_FillRect) for ST7735_FillRect
    st7735.o(i.ST7735_DrawCharS) refers to st7735.o(.data) for _width
    st7735.o(i.ST7735_DrawCharS) refers to st7735.o(.constdata) for Font
    st7735.o(i.ST7735_DrawFastHLine) refers to st7735.o(i.setAddrWindow) for setAddrWindow
    st7735.o(i.ST7735_DrawFastHLine) refers to st7735.o(i.writedata) for writedata
    st7735.o(i.ST7735_DrawFastHLine) refers to st7735.o(.data) for _width
    st7735.o(i.ST7735_DrawFastVLine) refers to st7735.o(i.setAddrWindow) for setAddrWindow
    st7735.o(i.ST7735_DrawFastVLine) refers to st7735.o(i.writedata) for writedata
    st7735.o(i.ST7735_DrawFastVLine) refers to st7735.o(.data) for _width
    st7735.o(i.ST7735_DrawPixel) refers to st7735.o(i.setAddrWindow) for setAddrWindow
    st7735.o(i.ST7735_DrawPixel) refers to st7735.o(i.pushColor) for pushColor
    st7735.o(i.ST7735_DrawPixel) refers to st7735.o(.data) for _width
    st7735.o(i.ST7735_DrawString) refers to st7735.o(i.ST7735_DrawCharS) for ST7735_DrawCharS
    st7735.o(i.ST7735_FillRect) refers to st7735.o(i.setAddrWindow) for setAddrWindow
    st7735.o(i.ST7735_FillRect) refers to st7735.o(i.writedata) for writedata
    st7735.o(i.ST7735_FillRect) refers to st7735.o(.data) for _width
    st7735.o(i.ST7735_FillScreen) refers to st7735.o(i.ST7735_FillRect) for ST7735_FillRect
    st7735.o(i.ST7735_FillScreen) refers to st7735.o(.data) for _height
    st7735.o(i.ST7735_InitB) refers to st7735.o(i.commonInit) for commonInit
    st7735.o(i.ST7735_InitB) refers to st7735.o(i.ST7735_SetCursor) for ST7735_SetCursor
    st7735.o(i.ST7735_InitB) refers to st7735.o(i.ST7735_FillScreen) for ST7735_FillScreen
    st7735.o(i.ST7735_InitB) refers to st7735.o(.constdata) for Bcmd
    st7735.o(i.ST7735_InitB) refers to st7735.o(.data) for StTextColor
    st7735.o(i.ST7735_InitR) refers to st7735.o(i.ST7735_Initsema) for ST7735_Initsema
    st7735.o(i.ST7735_InitR) refers to st7735.o(i.commonInit) for commonInit
    st7735.o(i.ST7735_InitR) refers to st7735.o(i.commandList) for commandList
    st7735.o(i.ST7735_InitR) refers to st7735.o(i.writecommand) for writecommand
    st7735.o(i.ST7735_InitR) refers to st7735.o(i.writedata) for writedata
    st7735.o(i.ST7735_InitR) refers to st7735.o(i.ST7735_SetCursor) for ST7735_SetCursor
    st7735.o(i.ST7735_InitR) refers to st7735.o(i.ST7735_FillScreen) for ST7735_FillScreen
    st7735.o(i.ST7735_InitR) refers to st7735.o(.constdata) for Rcmd1
    st7735.o(i.ST7735_InitR) refers to st7735.o(.data) for ColStart
    st7735.o(i.ST7735_Initsema) refers to os.o(i.OS_InitSemaphore) for OS_InitSemaphore
    st7735.o(i.ST7735_Initsema) refers to st7735.o(.bss) for ST7735semaPt
    st7735.o(i.ST7735_InvertDisplay) refers to st7735.o(i.writecommand) for writecommand
[...]
    uart.o(i.RxFifo_Init) refers to uart.o(.data) for RxGetI
    uart.o(i.RxFifo_Put) refers to uart.o(.data) for RxPutI
    uart.o(i.RxFifo_Put) refers to uart.o(.bss) for RxFifo
    uart.o(i.RxFifo_Size) refers to uart.o(.data) for RxPutI
    uart.o(i.TxFifo_Get) refers to uart.o(.data) for TxPutI
    uart.o(i.TxFifo_Get) refers to uart.o(.bss) for TxFifo
    uart.o(i.TxFifo_Init) refers to startup.o(.text) for StartCritical
    uart.o(i.TxFifo_Init) refers to uart.o(.data) for TxGetI
    uart.o(i.TxFifo_Put) refers to uart.o(.data) for TxPutI
    uart.o(i.TxFifo_Put) refers to uart.o(.bss) for TxFifo
    uart.o(i.TxFifo_Size) refers to uart.o(.data) for TxPutI
    uart.o(i.UART0_Handler) refers to uart.o(i.copySoftwareToHardware) for copySoftwareToHardware
    uart.o(i.UART0_Handler) refers to uart.o(i.copyHardwareToSoftware) for copyHardwareToSoftware
    uart.o(i.UART_InChar) refers to uart.o(i.RxFifo_Get) for RxFifo_Get
    uart.o(i.UART_InString) refers to uart.o(i.UART_InChar) for UART_InChar
    uart.o(i.UART_InString) refers to uart.o(i.UART_OutChar) for UART_OutChar
    uart.o(i.UART_InUDec) refers to uart.o(i.UART_InChar) for UART_InChar
    uart.o(i.UART_InUDec) refers to uart.o(i.UART_OutChar) for UART_OutChar
    uart.o(i.UART_InUHex) refers to uart.o(i.UART_InChar) for UART_InChar
    uart.o(i.UART_InUHex) refers to uart.o(i.UART_OutChar) for UART_OutChar
    uart.o(i.UART_Init) refers to uart.o(i.RxFifo_Init) for RxFifo_Init
    uart.o(i.UART_Init) refers to uart.o(i.TxFifo_Init) for TxFifo_Init
    uart.o(i.UART_Init) refers to os.o(i.OS_InitSemaphore) for OS_InitSemaphore
    uart.o(i.UART_Init) refers to startup.o(.text) for OS_EnableInterrupts
    uart.o(i.UART_Init) refers to uart.o(.bss) for RxFIFO_semaFull
    uart.o(i.UART_OutChar) refers to uart.o(i.TxFifo_Put) for TxFifo_Put
    uart.o(i.UART_OutChar) refers to uart.o(i.copySoftwareToHardware) for copySoftwareToHardware
    uart.o(i.UART_OutString) refers to uart.o(i.UART_OutChar) for UART_OutChar
    uart.o(i.UART_OutUDec) refers to uart.o(i.UART_OutChar) for UART_OutChar
    uart.o(i.UART_OutUHex) refers to uart.o(i.UART_OutChar) for UART_OutChar
    uart.o(i.copyHardwareToSoftware) refers to uart.o(i.RxFifo_Put) for RxFifo_Put
    uart.o(i.copyHardwareToSoftware) refers to uart.o(i.RxFifo_Size) for RxFifo_Size
    uart.o(i.copySoftwareToHardware) refers to uart.o(i.TxFifo_Get) for TxFifo_Get
    uart.o(i.copySoftwareToHardware) refers to uart.o(i.TxFifo_Size) for TxFifo_Size
    uart.o(i.fgetc) refers to uart.o(i.UART_InChar) for UART_InChar
    uart.o(i.fputc) refers to uart.o(i.UART_OutChar) for UART_OutChar
    adc.o(i.ADC0Seq2_Handler) refers to adc.o(.data) for function
    adc.o(i.ADC_Collect) refers to startup.o(.text) for OS_DisableInterrupts
    adc.o(i.ADC_Collect) refers to adc.o(.data) for function
    adc.o(i.ADC_Open) refers to startup.o(.text) for OS_DisableInterrupts
    osasm.o(.text) refers to os.o(i.OS_Recorder) for OS_Recorder
    osasm.o(.text) refers to os.o(i.Scheduler) for Scheduler
    osasm.o(.text) refers to os.o(.data) for RunPt
    pid_stm32.o(.text) refers to user.o(.data) for IntTerm
    user.o(i.BSP_init) refers to user.o(i.PortF_Init) for PortF_Init
    user.o(i.BSP_init) refers to user.o(i.PortE_Init) for PortE_Init
    user.o(i.BSP_init) refers to user.o(i.PortB_Init) for PortB_Init
    user.o(i.BSP_init) refers to st7735.o(i.ST7735_InitR) for ST7735_InitR
    user.o(i.BSP_init) refers to adc.o(i.ADC_Open) for ADC_Open
    user.o(i.BSP_init) refers to uart.o(i.UART_Init) for UART_Init
    user.o(i.BSP_init) refers to os.o(i.PortF_KEY_Init) for PortF_KEY_Init
    user.o(i.BSP_init) refers to user.o(.data) for DataLost
    user.o(i.BSP_init) refers to os.o(.data) for MaxJitter
    user.o(i.BackgroundThread1c) refers to os.o(i.OS_Signal) for OS_Signal
    user.o(i.BackgroundThread1c) refers to user.o(.data) for Count1
    user.o(i.BackgroundThread1c) refers to user.o(.bss) for Readyc
    user.o(i.BackgroundThread1d) refers to os.o(i.OS_bSignal) for OS_bSignal
    user.o(i.BackgroundThread1d) refers to user.o(.data) for i
    user.o(i.BackgroundThread1d) refers to user.o(.bss) for Readyd
    user.o(i.BackgroundThread5c) refers to os.o(i.OS_AddThread) for OS_AddThread
    user.o(i.BackgroundThread5c) refers to user.o(i.Thread4c) for Thread4c
    user.o(i.BackgroundThread5c) refers to user.o(.data) for NumCreated
    user.o(i.BackgroundThread5d) refers to os.o(i.OS_AddThread) for OS_AddThread
    user.o(i.BackgroundThread5d) refers to user.o(i.Thread4d) for Thread4d
    user.o(i.BackgroundThread5d) refers to user.o(.data) for NumCreated
    user.o(i.ButtonWork) refers to os.o(i.OS_Id) for OS_Id
    user.o(i.ButtonWork) refers to st7735.o(i.ST7735_Message) for ST7735_Message
    user.o(i.ButtonWork) refers to os.o(i.OS_Sleep) for OS_Sleep
    user.o(i.ButtonWork) refers to os.o(i.OS_Kill) for OS_Kill
    user.o(i.ButtonWork) refers to user.o(.data) for NumCreated
    user.o(i.ButtonWork) refers to os.o(.data) for MaxJitter
    user.o(i.Consumer) refers to os.o(i.OS_Id) for OS_Id
    user.o(i.Consumer) refers to adc.o(i.ADC_Collect) for ADC_Collect
    user.o(i.Consumer) refers to os.o(i.OS_AddThread) for OS_AddThread
    user.o(i.Consumer) refers to os.o(i.OS_Fifo_Get) for OS_Fifo_Get
    user.o(i.Consumer) refers to os.o(i.OS_Sleep) for OS_Sleep
    user.o(i.Consumer) refers to cr4_fft_64_stm32.o(.text) for cr4_fft_64_stm32
    user.o(i.Consumer) refers to os.o(i.OS_MailBox_Send) for OS_MailBox_Send
    user.o(i.Consumer) refers to os.o(i.OS_Kill) for OS_Kill
    user.o(i.Consumer) refers to user.o(i.Producer) for Producer
    user.o(i.Consumer) refers to user.o(i.Display) for Display
    user.o(i.Consumer) refers to user.o(.data) for NumCreated
    user.o(i.Consumer) refers to user.o(.bss) for x
    user.o(i.DAS) refers to adc.o(i.ADC_In) for ADC_In
    user.o(i.DAS) refers to user.o(i.Filter) for Filter
    user.o(i.DAS) refers to user.o(.data) for NumSamples
    user.o(i.Display) refers to st7735.o(i.ST7735_Message) for ST7735_Message
    user.o(i.Display) refers to os.o(i.OS_MailBox_Recv) for OS_MailBox_Recv
    user.o(i.Display) refers to os.o(i.OS_Kill) for OS_Kill
    user.o(i.Display) refers to user.o(.data) for NumSamples
    user.o(i.Filter) refers to user.o(.data) for n
    user.o(i.Filter) refers to user.o(.bss) for x
    user.o(i.Interpreter) refers to uart.o(i.UART_InString) for UART_InString
    user.o(i.Interpreter) refers to user.o(i.OutCRLF) for OutCRLF
    user.o(i.Interpreter) refers to uart.o(i.UART_OutString) for UART_OutString
    user.o(i.Interpreter) refers to strncmp.o(.text) for strncmp
    user.o(i.Interpreter) refers to adc.o(i.ADC_Open) for ADC_Open
    user.o(i.Interpreter) refers to adc.o(i.ADC_In) for ADC_In
    user.o(i.Interpreter) refers to st7735.o(i.ST7735_Message) for ST7735_Message
    user.o(i.Interpreter) refers to os.o(i.OS_Time) for OS_Time
    user.o(i.Interpreter) refers to os.o(i.OS_ResetRecorder) for OS_ResetRecorder
    user.o(i.Interpreter) refers to os.o(i.OS_ClearRecorder) for OS_ClearRecorder
    user.o(i.Interpreter) refers to os.o(i.OS_DumpRecorder) for OS_DumpRecorder
    user.o(i.Interpreter) refers to user.o(.bss) for bufPt
    user.o(i.Interpreter) refers to user.o(.data) for PIDWork
    user.o(i.Interpreter) refers to os.o(.data) for maxnointTime
    user.o(i.OutCRLF) refers to uart.o(i.UART_OutChar) for UART_OutChar
    user.o(i.OutputThread) refers to uart.o(i.UART_OutString) for UART_OutString
    user.o(i.OutputThread) refers to os.o(i.OS_Sleep) for OS_Sleep
    user.o(i.OutputThread) refers to uart.o(i.UART_OutUDec) for UART_OutUDec
    user.o(i.OutputThread) refers to os.o(i.OS_Kill) for OS_Kill
    user.o(i.OutputThread) refers to user.o(.data) for SignalCount1
    user.o(i.PID) refers to os.o(i.OS_Id) for OS_Id
    user.o(i.PID) refers to pid_stm32.o(.text) for PID_stm32
    user.o(i.PID) refers to user.o(.data) for PIDWork
    user.o(i.Producer) refers to os.o(i.OS_Fifo_Put) for OS_Fifo_Put
    user.o(i.Producer) refers to user.o(.data) for NumSamples
    user.o(i.PseudoWork) refers to os.o(i.OS_Time) for OS_Time
    user.o(i.PseudoWork) refers to os.o(i.OS_TimeDifference) for OS_TimeDifference
    user.o(i.SW1Push) refers to os.o(i.OS_MsTime) for OS_MsTime
    user.o(i.SW1Push) refers to os.o(i.OS_AddThread) for OS_AddThread
    user.o(i.SW1Push) refers to os.o(i.OS_ClearMsTime) for OS_ClearMsTime
    user.o(i.SW1Push) refers to user.o(i.ButtonWork) for ButtonWork
    user.o(i.SW1Push) refers to user.o(.data) for NumCreated
    user.o(i.SW2Push) refers to os.o(i.OS_MsTime) for OS_MsTime
    user.o(i.SW2Push) refers to os.o(i.OS_AddThread) for OS_AddThread
    user.o(i.SW2Push) refers to os.o(i.OS_ClearMsTime) for OS_ClearMsTime
    user.o(i.SW2Push) refers to user.o(i.ButtonWork) for ButtonWork
    user.o(i.SW2Push) refers to user.o(.data) for NumCreated
    user.o(i.Signal1) refers to os.o(i.OS_Signal) for OS_Signal
    user.o(i.Signal1) refers to user.o(.data) for SignalCount1
    user.o(i.Signal1) refers to user.o(.bss) for s
    user.o(i.Signal2) refers to os.o(i.OS_Signal) for OS_Signal
    user.o(i.Signal2) refers to user.o(.data) for SignalCount2
    user.o(i.Signal2) refers to user.o(.bss) for s
    user.o(i.Signal3) refers to os.o(i.OS_Signal) for OS_Signal
    user.o(i.Signal3) refers to os.o(i.OS_Kill) for OS_Kill
    user.o(i.Signal3) refers to user.o(.bss) for s
    user.o(i.Signal3) refers to user.o(.data) for SignalCount3
    user.o(i.TaskA) refers to user.o(i.PseudoWork) for PseudoWork
    user.o(i.TaskA) refers to user.o(.data) for CountA
    user.o(i.TaskB) refers to user.o(i.PseudoWork) for PseudoWork
    user.o(i.TaskB) refers to user.o(.data) for CountB
    user.o(i.Testmain1) refers to os.o(i.OS_Init) for OS_Init
    user.o(i.Testmain1) refers to user.o(i.PortB_Init) for PortB_Init
    user.o(i.Testmain1) refers to os.o(i.OS_AddThread) for OS_AddThread
    user.o(i.Testmain1) refers to os.o(i.OS_Launch) for OS_Launch
    user.o(i.Testmain1) refers to user.o(.data) for NumCreated
    user.o(i.Testmain1) refers to user.o(i.Thread1) for Thread1
    user.o(i.Testmain1) refers to user.o(i.Thread2) for Thread2
    user.o(i.Testmain1) refers to user.o(i.Thread3) for Thread3
    user.o(i.Testmain2) refers to os.o(i.OS_Init) for OS_Init
    user.o(i.Testmain2) refers to user.o(i.PortB_Init) for PortB_Init
    user.o(i.Testmain2) refers to os.o(i.OS_AddThread) for OS_AddThread
    user.o(i.Testmain2) refers to os.o(i.OS_Launch) for OS_Launch
    user.o(i.Testmain2) refers to user.o(.data) for NumCreated
    user.o(i.Testmain2) refers to user.o(i.Thread1b) for Thread1b
    user.o(i.Testmain2) refers to user.o(i.Thread2b) for Thread2b
    user.o(i.Testmain2) refers to user.o(i.Thread3b) for Thread3b
    user.o(i.Testmain3) refers to os.o(i.OS_Init) for OS_Init
    user.o(i.Testmain3) refers to st7735.o(i.ST7735_InitR) for ST7735_InitR
    user.o(i.Testmain3) refers to uart.o(i.UART_Init) for UART_Init
    user.o(i.Testmain3) refers to st7735.o(i.ST7735_Message) for ST7735_Message
    user.o(i.Testmain3) refers to os.o(i.OS_AddSW1Task) for OS_AddSW1Task
    user.o(i.Testmain3) refers to os.o(i.OS_AddThread) for OS_AddThread
    user.o(i.Testmain3) refers to os.o(i.OS_Launch) for OS_Launch
    user.o(i.Testmain3) refers to user.o(.data) for Count4
    user.o(i.Testmain3) refers to user.o(i.BackgroundThread5c) for BackgroundThread5c
    user.o(i.Testmain3) refers to user.o(i.Thread2c) for Thread2c
    user.o(i.Testmain3) refers to user.o(i.Thread3c) for Thread3c
    user.o(i.Testmain3) refers to user.o(i.Thread4c) for Thread4c
    user.o(i.Testmain4) refers to os.o(i.OS_Init) for OS_Init
    user.o(i.Testmain4) refers to os.o(i.OS_AddPeriodicThread) for OS_AddPeriodicThread
    user.o(i.Testmain4) refers to os.o(i.OS_AddSW1Task) for OS_AddSW1Task
    user.o(i.Testmain4) refers to os.o(i.OS_AddThread) for OS_AddThread
    user.o(i.Testmain4) refers to os.o(i.OS_Launch) for OS_Launch
    user.o(i.Testmain4) refers to user.o(.data) for Count4
    user.o(i.Testmain4) refers to user.o(i.BackgroundThread1d) for BackgroundThread1d
    user.o(i.Testmain4) refers to user.o(i.BackgroundThread5d) for BackgroundThread5d
    user.o(i.Testmain4) refers to user.o(i.Thread2d) for Thread2d
    user.o(i.Testmain4) refers to user.o(i.Thread3d) for Thread3d
    user.o(i.Testmain4) refers to user.o(i.Thread4d) for Thread4d
    user.o(i.Testmain5) refers to os.o(i.OS_Init) for OS_Init
    user.o(i.Testmain5) refers to user.o(i.BSP_init) for BSP_init
    user.o(i.Testmain5) refers to os.o(i.OS_AddThread) for OS_AddThread
    user.o(i.Testmain5) refers to os.o(i.OS_AddPeriodicThread) for OS_AddPeriodicThread
    user.o(i.Testmain5) refers to os.o(i.OS_Launch) for OS_Launch
    user.o(i.Testmain5) refers to user.o(.data) for NumCreated
    user.o(i.Testmain5) refers to user.o(i.Thread6) for Thread6
    user.o(i.Testmain5) refers to user.o(i.Thread7) for Thread7
    user.o(i.Testmain5) refers to user.o(i.TaskA) for TaskA
    user.o(i.Testmain5) refers to user.o(i.TaskB) for TaskB
    user.o(i.Testmain6) refers to os.o(i.OS_Init) for OS_Init
    user.o(i.Testmain6) refers to user.o(i.BSP_init) for BSP_init
    user.o(i.Testmain6) refers to user.o(i.add) for add
    user.o(i.Testmain6) refers to user.o(i.PortE_Init) for PortE_Init
    user.o(i.Testmain6) refers to os.o(i.OS_InitSemaphore) for OS_InitSemaphore
    user.o(i.Testmain6) refers to os.o(i.OS_AddPeriodicThread) for OS_AddPeriodicThread
    user.o(i.Testmain6) refers to os.o(i.OS_AddThread) for OS_AddThread
    user.o(i.Testmain6) refers to os.o(i.OS_Launch) for OS_Launch
    user.o(i.Testmain6) refers to user.o(.data) for SignalCount1
    user.o(i.Testmain6) refers to user.o(.bss) for s
    user.o(i.Testmain6) refers to user.o(i.Signal1) for Signal1
    user.o(i.Testmain6) refers to user.o(i.Signal2) for Signal2
    user.o(i.Testmain6) refers to user.o(i.Thread6) for Thread6
    user.o(i.Testmain6) refers to user.o(i.OutputThread) for OutputThread
    user.o(i.Testmain6) refers to user.o(i.Signal3) for Signal3
    user.o(i.Testmain6) refers to user.o(i.Wait1) for Wait1
    user.o(i.Testmain6) refers to user.o(i.Wait2) for Wait2
    user.o(i.Testmain6) refers to user.o(i.Wait3) for Wait3
    user.o(i.Testmain7) refers to user.o(i.PortF_Init) for PortF_Init
    user.o(i.Testmain7) refers to os.o(i.OS_Init) for OS_Init
    user.o(i.Testmain7) refers to os.o(i.OS_AddThread) for OS_AddThread
    user.o(i.Testmain7) refers to os.o(i.OS_Launch) for OS_Launch
    user.o(i.Testmain7) refers to user.o(.data) for NumCreated
    user.o(i.Testmain7) refers to user.o(i.Thread8) for Thread8
    user.o(i.Thread1) refers to os.o(i.OS_Suspend) for OS_Suspend
    user.o(i.Thread1) refers to user.o(.data) for Count1
    user.o(i.Thread1b) refers to user.o(.data) for Count1
    user.o(i.Thread2) refers to os.o(i.OS_Suspend) for OS_Suspend
    user.o(i.Thread2) refers to user.o(.data) for Count2
    user.o(i.Thread2b) refers to user.o(.data) for Count2
    user.o(i.Thread2c) refers to os.o(i.OS_InitSemaphore) for OS_InitSemaphore
    user.o(i.Thread2c) refers to os.o(i.OS_AddThread) for OS_AddThread
    user.o(i.Thread2c) refers to os.o(i.OS_AddPeriodicThread) for OS_AddPeriodicThread
    user.o(i.Thread2c) refers to os.o(i.OS_Time) for OS_Time
    user.o(i.Thread2c) refers to os.o(i.OS_Wait) for OS_Wait
    user.o(i.Thread2c) refers to user.o(.bss) for Readyc
    user.o(i.Thread2c) refers to user.o(.data) for Count1
    user.o(i.Thread2c) refers to user.o(i.Thread5c) for Thread5c
    user.o(i.Thread2c) refers to user.o(i.BackgroundThread1c) for BackgroundThread1c
    user.o(i.Thread2d) refers to os.o(i.OS_InitSemaphore) for OS_InitSemaphore
    user.o(i.Thread2d) refers to os.o(i.OS_bWait) for OS_bWait
    user.o(i.Thread2d) refers to user.o(.bss) for Readyd
    user.o(i.Thread2d) refers to user.o(.data) for Count1
    user.o(i.Thread3) refers to os.o(i.OS_Suspend) for OS_Suspend
    user.o(i.Thread3) refers to user.o(.data) for Count3
    user.o(i.Thread3b) refers to user.o(.data) for Count3
    user.o(i.Thread3c) refers to user.o(.data) for Count3
    user.o(i.Thread3d) refers to user.o(.data) for Count3
    user.o(i.Thread4c) refers to os.o(i.OS_Sleep) for OS_Sleep
    user.o(i.Thread4c) refers to os.o(i.OS_Kill) for OS_Kill
    user.o(i.Thread4c) refers to user.o(.data) for Count4
    user.o(i.Thread4d) refers to os.o(i.OS_Sleep) for OS_Sleep
    user.o(i.Thread4d) refers to os.o(i.OS_Kill) for OS_Kill
    user.o(i.Thread4d) refers to user.o(.data) for Count4
    user.o(i.Thread5c) refers to os.o(i.OS_Wait) for OS_Wait
    user.o(i.Thread5c) refers to user.o(.bss) for Readyc
    user.o(i.Thread5c) refers to user.o(.data) for Count5
    user.o(i.Thread6) refers to user.o(.data) for Count1
    user.o(i.Thread7) refers to uart.o(i.UART_OutString) for UART_OutString
    user.o(i.Thread7) refers to os.o(i.OS_Sleep) for OS_Sleep
    user.o(i.Thread7) refers to os.o(i.Jitter) for Jitter
    user.o(i.Thread7) refers to os.o(i.OS_Kill) for OS_Kill
    user.o(i.Wait1) refers to os.o(i.OS_Wait) for OS_Wait
    user.o(i.Wait1) refers to user.o(.bss) for s
    user.o(i.Wait1) refers to user.o(.data) for WaitCount1
    user.o(i.Wait2) refers to os.o(i.OS_Wait) for OS_Wait
    user.o(i.Wait2) refers to user.o(.bss) for s
    user.o(i.Wait2) refers to user.o(.data) for WaitCount2
    user.o(i.Wait3) refers to os.o(i.OS_Wait) for OS_Wait
    user.o(i.Wait3) refers to user.o(.bss) for s
    user.o(i.Wait3) refers to user.o(.data) for WaitCount3
    user.o(i.add) refers to user.o(.data) for result
    user.o(i.main) refers to os.o(i.OS_Init) for OS_Init
    user.o(i.main) refers to user.o(i.BSP_init) for BSP_init
    user.o(i.main) refers to os.o(i.OS_MailBox_Init) for OS_MailBox_Init
    user.o(i.main) refers to os.o(i.OS_Fifo_Init) for OS_Fifo_Init
    user.o(i.main) refers to os.o(i.OS_AddSW1Task) for OS_AddSW1Task
    user.o(i.main) refers to os.o(i.OS_AddSW2Task) for OS_AddSW2Task
    user.o(i.main) refers to os.o(i.OS_AddPeriodicThread) for OS_AddPeriodicThread
    user.o(i.main) refers to os.o(i.OS_AddThread) for OS_AddThread
    user.o(i.main) refers to os.o(i.OS_Launch) for OS_Launch
    user.o(i.main) refers to user.o(i.SW1Push) for SW1Push
    user.o(i.main) refers to user.o(i.SW2Push) for SW2Push
    user.o(i.main) refers to user.o(i.DAS) for DAS
    user.o(i.main) refers to user.o(i.Interpreter) for Interpreter
    user.o(i.main) refers to user.o(.data) for NumCreated
    user.o(i.main) refers to user.o(i.Consumer) for Consumer
    user.o(i.main) refers to user.o(i.PID) for PID
    entry.o(.ARM.Collect$$$$00000000) refers (Special) to entry10a.o(.ARM.Collect$$$$0000000D) for __rt_final_cpp
    entry.o(.ARM.Collect$$$$00000000) refers (Special) to entry11a.o(.ARM.Collect$$$$0000000F) for __rt_final_exit
    entry.o(.ARM.Collect$$$$00000000) refers (Special) to entry7b.o(.ARM.Collect$$$$00000008) for _main_clock
    entry.o(.ARM.Collect$$$$00000000) refers (Special) to entry8b.o(.ARM.Collect$$$$0000000A) for _main_cpp_init
    entry.o(.ARM.Collect$$$$00000000) refers (Special) to entry9a.o(.ARM.Collect$$$$0000000B) for _main_init
    entry.o(.ARM.Collect$$$$00000000) refers (Special) to entry5.o(.ARM.Collect$$$$00000004) for _main_scatterload
    entry.o(.ARM.Collect$$$$00000000) refers (Special) to entry2.o(.ARM.Collect$$$$00000001) for _main_stk
    entry2.o(.ARM.Collect$$$$00000001) refers to entry2.o(.ARM.Collect$$$$00002712) for __lit__00000000
    entry2.o(.ARM.Collect$$$$00002712) refers to startup.o(STACK) for __initial_sp
    entry2.o(__vectab_stack_and_reset_area) refers to startup.o(STACK) for __initial_sp
    entry2.o(__vectab_stack_and_reset_area) refers to entry.o(.ARM.Collect$$$$00000000) for __main
    entry5.o(.ARM.Collect$$$$00000004) refers to init.o(.text) for __scatterload
    entry9a.o(.ARM.Collect$$$$0000000B) refers to user.o(i.main) for main
    entry9b.o(.ARM.Collect$$$$0000000C) refers to user.o(i.main) for main
    init.o(.text) refers to entry5.o(.ARM.Collect$$$$00000004) for __main_after_scatterload


==============================================================================

Removing Unused input sections from the image.

    Removing startup.o(HEAP), (0 bytes).
    Removing st7735.o(i.Output_Clear), (10 bytes).
    Removing st7735.o(i.Output_Color), (12 bytes).
    Removing st7735.o(i.Output_Init), (16 bytes).
    Removing st7735.o(i.Output_Off), (8 bytes).
    Removing st7735.o(i.Output_On), (8 bytes).
    Removing st7735.o(i.ST7735_Color565), (24 bytes).
    Removing st7735.o(i.ST7735_DrawBitmap), (288 bytes).
    Removing st7735.o(i.ST7735_DrawChar), (268 bytes).
    Removing st7735.o(i.ST7735_DrawFastHLine), (124 bytes).
    Removing st7735.o(i.ST7735_DrawFastVLine), (124 bytes).
    Removing st7735.o(i.ST7735_InitB), (40 bytes).
    Removing st7735.o(i.ST7735_InvertDisplay), (22 bytes).
    Removing st7735.o(i.ST7735_OutUDec), (140 bytes).
    Removing st7735.o(i.ST7735_PlotBar), (88 bytes).
    Removing st7735.o(i.ST7735_PlotClear), (92 bytes).
    Removing st7735.o(i.ST7735_PlotLine), (264 bytes).
    Removing st7735.o(i.ST7735_PlotNext), (32 bytes).
    Removing st7735.o(i.ST7735_PlotNextErase), (64 bytes).
    Removing st7735.o(i.ST7735_PlotPoint), (152 bytes).
    Removing st7735.o(i.ST7735_PlotPoints), (172 bytes).
    Removing st7735.o(i.ST7735_PlotdBfs), (60 bytes).
    Removing st7735.o(i.ST7735_SetRotation), (212 bytes).
    Removing st7735.o(i.ST7735_SetTextColor), (12 bytes).
    Removing st7735.o(i.ST7735_SwapColor), (18 bytes).
    Removing st7735testmain.o(i.UART_Parse_String), (136 bytes).
    Removing st7735testmain.o(i.UserTask), (16 bytes).
    Removing st7735testmain.o(.constdata), (32 bytes).
    Removing st7735testmain.o(.data), (7 bytes).
    Removing os.o(i.Jitter), (56 bytes).
    Removing os.o(i.OS_ClearTimePeriod), (12 bytes).
    Removing os.o(i.OS_Fifo_Size), (12 bytes).
    Removing os.o(i.OS_ReadPeriodTime), (12 bytes).
    Removing os.o(.constdata), (4 bytes).
    Removing uart.o(i.UART_InUDec), (76 bytes).
    Removing uart.o(i.UART_InUHex), (108 bytes).
    Removing uart.o(i.UART_OutUHex), (52 bytes).
    Removing uart.o(i.ferror), (8 bytes).
    Removing uart.o(i.fgetc), (10 bytes).
    Removing uart.o(i.fputc), (16 bytes).
    Removing user.o(i.BackgroundThread1c), (28 bytes).
    Removing user.o(i.BackgroundThread1d), (56 bytes).
    Removing user.o(i.BackgroundThread5c), (32 bytes).
    Removing user.o(i.BackgroundThread5d), (32 bytes).
    Removing user.o(i.OutputThread), (220 bytes).
    Removing user.o(i.PseudoWork), (32 bytes).
    Removing user.o(i.Signal1), (40 bytes).
    Removing user.o(i.Signal2), (40 bytes).
    Removing user.o(i.Signal3), (48 bytes).
    Removing user.o(i.TaskA), (28 bytes).
    Removing user.o(i.TaskB), (28 bytes).
    Removing user.o(i.Testmain1), (108 bytes).
    Removing user.o(i.Testmain2), (108 bytes).
    Removing user.o(i.Testmain3), (172 bytes).
    Removing user.o(i.Testmain4), (140 bytes).
    Removing user.o(i.Testmain5), (116 bytes).
    Removing user.o(i.Testmain6), (288 bytes).
    Removing user.o(i.Testmain7), (56 bytes).
    Removing user.o(i.Thread1), (44 bytes).
    Removing user.o(i.Thread1b), (40 bytes).
    Removing user.o(i.Thread2), (44 bytes).
    Removing user.o(i.Thread2b), (40 bytes).
    Removing user.o(i.Thread2c), (116 bytes).
    Removing user.o(i.Thread2d), (52 bytes).
    Removing user.o(i.Thread3), (44 bytes).
    Removing user.o(i.Thread3b), (40 bytes).
    Removing user.o(i.Thread3c), (24 bytes).
    Removing user.o(i.Thread3d), (24 bytes).
    Removing user.o(i.Thread4c), (44 bytes).
    Removing user.o(i.Thread4d), (40 bytes).
    Removing user.o(i.Thread5c), (60 bytes).
    Removing user.o(i.Thread6), (24 bytes).
    Removing user.o(i.Thread7), (80 bytes).
    Removing user.o(i.Thread8), (20 bytes).
    Removing user.o(i.Wait1), (28 bytes).
    Removing user.o(i.Wait2), (28 bytes).
    Removing user.o(i.Wait3), (28 bytes).
    Removing user.o(i.add), (20 bytes).

78 unused section(s) (total 5219 bytes) removed from the image.

==============================================================================

Image Symbol Table

    Local Symbols

    Symbol Name                              Value     Ov Type        Size  Object(Section)

    RESET                                    0x00000000   Section      644  startup.o(RESET)
    ../clib/../cmprslib/zerorunl.c           0x00000000   Number         0  __dczerorl.o ABSOLUTE
    ../clib/microlib/init/entry.s            0x00000000   Number         0  entry11b.o ABSOLUTE
    ../clib/microlib/init/entry.s            0x00000000   Number         0  entry.o ABSOLUTE
    ../clib/microlib/init/entry.s            0x00000000   Number         0  entry9a.o ABSOLUTE
    ../clib/microlib/init/entry.s            0x00000000   Number         0  entry5.o ABSOLUTE
    ../clib/microlib/init/entry.s            0x00000000   Number         0  entry8b.o ABSOLUTE
    ../clib/microlib/init/entry.s            0x00000000   Number         0  entry10a.o ABSOLUTE
    ../clib/microlib/init/entry.s            0x00000000   Number         0  entry8a.o ABSOLUTE
    ../clib/microlib/init/entry.s            0x00000000   Number         0  entry2.o ABSOLUTE
    ../clib/microlib/init/entry.s            0x00000000   Number         0  entry11a.o ABSOLUTE
    ../clib/microlib/init/entry.s            0x00000000   Number         0  entry10b.o ABSOLUTE
    ../clib/microlib/init/entry.s            0x00000000   Number         0  entry7b.o ABSOLUTE
    ../clib/microlib/init/entry.s            0x00000000   Number         0  entry7a.o ABSOLUTE
    ../clib/microlib/init/entry.s            0x00000000   Number         0  entry9b.o ABSOLUTE
    ../clib/microlib/string/strcmp.c         0x00000000   Number         0  strcmp.o ABSOLUTE
    ../clib/microlib/string/strlen.c         0x00000000   Number         0  strlen.o ABSOLUTE
    ../clib/microlib/string/strncmp.c        0x00000000   Number         0  strncmp.o ABSOLUTE
    ADC.c                                    0x00000000   Number         0  adc.o ABSOLUTE
    OS.c                                     0x00000000   Number         0  os.o ABSOLUTE
    OSasm.s                                  0x00000000   Number         0  osasm.o ABSOLUTE
    PID_stm32.s                              0x00000000   Number         0  pid_stm32.o ABSOLUTE
    PLL.c                                    0x00000000   Number         0  pll.o ABSOLUTE
    ST7735.c                                 0x00000000   Number         0  st7735.o ABSOLUTE
    ST7735TestMain.c                         0x00000000   Number         0  st7735testmain.o ABSOLUTE
    UART.c                                   0x00000000   Number         0  uart.o ABSOLUTE
    cr4_fft_64_stm32.s                       0x00000000   Number         0  cr4_fft_64_stm32.o ABSOLUTE
    dc.s                                     0x00000000   Number         0  dc.o ABSOLUTE
    handlers.s                               0x00000000   Number         0  handlers.o ABSOLUTE
    init.s                                   0x00000000   Number         0  init.o ABSOLUTE
    startup.s                                0x00000000   Number         0  startup.o ABSOLUTE
    user.c                                   0x00000000   Number         0  user.o ABSOLUTE
    .ARM.Collect$$$$00000000                 0x00000284   Section        0  entry.o(.ARM.Collect$$$$00000000)
    .ARM.Collect$$$$00000001                 0x00000284   Section        4  entry2.o(.ARM.Collect$$$$00000001)
    .ARM.Collect$$$$00000004                 0x00000288   Section        4  entry5.o(.ARM.Collect$$$$00000004)
    .ARM.Collect$$$$00000008                 0x0000028c   Section        0  entry7b.o(.ARM.Collect$$$$00000008)
    .ARM.Collect$$$$0000000A                 0x0000028c   Section        0  entry8b.o(.ARM.Collect$$$$0000000A)
    .ARM.Collect$$$$0000000B                 0x0000028c   Section        8  entry9a.o(.ARM.Collect$$$$0000000B)
    .ARM.Collect$$$$0000000D                 0x00000294   Section        0  entry10a.o(.ARM.Collect$$$$0000000D)
    .ARM.Collect$$$$0000000F                 0x00000294   Section        0  entry11a.o(.ARM.Collect$$$$0000000F)
    .ARM.Collect$$$$00002712                 0x00000294   Section        4  entry2.o(.ARM.Collect$$$$00002712)
    __lit__00000000                          0x00000294   Data           4  entry2.o(.ARM.Collect$$$$00002712)
    .text                                    0x00000298   Section       76  startup.o(.text)
    .text                                    0x000002e4   Section      718  cr4_fft_64_stm32.o(.text)
    .text                                    0x000005b4   Section      136  osasm.o(.text)
    .text                                    0x0000063c   Section       72  pid_stm32.o(.text)
    .text                                    0x00000684   Section        0  strlen.o(.text)
    .text                                    0x00000692   Section        0  strncmp.o(.text)
    .text                                    0x000006b0   Section       36  init.o(.text)
    .text                                    0x000006d4   Section        0  __dczerorl.o(.text)
    i.ADC0Seq2_Handler                       0x00000710   Section        0  adc.o(i.ADC0Seq2_Handler)
    i.ADC_Collect                            0x00000734   Section        0  adc.o(i.ADC_Collect)
    i.ADC_In                                 0x00000b7c   Section        0  adc.o(i.ADC_In)
    i.ADC_Open                               0x00000ba8   Section        0  adc.o(i.ADC_Open)
    i.BSP_init                               0x00000f6c   Section        0  user.o(i.BSP_init)
    i.BlockThread                            0x00000fb4   Section        0  os.o(i.BlockThread)
    i.ButtonWork                             0x00000fcc   Section        0  user.o(i.ButtonWork)
    i.Consumer                               0x00001068   Section        0  user.o(i.Consumer)
    i.DAS                                    0x000010f0   Section        0  user.o(i.DAS)
    i.Delay1ms                               0x00001124   Section        0  st7735.o(i.Delay1ms)
    i.Display                                0x00001144   Section        0  user.o(i.Display)
    i.Filter                                 0x000011a0   Section        0  user.o(i.Filter)
    i.GPIOPortF_Handler                      0x00001268   Section        0  os.o(i.GPIOPortF_Handler)
    i.Interpreter                            0x000012a8   Section        0  user.o(i.Interpreter)
    i.OS_AddPeriodicThread                   0x000014c8   Section        0  os.o(i.OS_AddPeriodicThread)
    i.OS_AddSW1Task                          0x000015f4   Section        0  os.o(i.OS_AddSW1Task)
    i.OS_AddSW2Task                          0x0000161c   Section        0  os.o(i.OS_AddSW2Task)
    i.OS_AddThread                           0x00001644   Section        0  os.o(i.OS_AddThread)
    i.OS_ClearMsTime                         0x000018ac   Section        0  os.o(i.OS_ClearMsTime)
    i.OS_ClearRecorder                       0x000018b8   Section        0  os.o(i.OS_ClearRecorder)
    i.OS_DumpRecorder                        0x000018dc   Section        0  os.o(i.OS_DumpRecorder)
    i.OS_Fifo_Get                            0x00001918   Section        0  os.o(i.OS_Fifo_Get)
    i.OS_Fifo_Init                           0x00001964   Section        0  os.o(i.OS_Fifo_Init)
    i.OS_Fifo_Put                            0x000019b4   Section        0  os.o(i.OS_Fifo_Put)
    i.OS_Id                                  0x00001a0c   Section        0  os.o(i.OS_Id)
    i.OS_Init                                0x00001a18   Section        0  os.o(i.OS_Init)
    i.OS_InitSemaphore                       0x00001ab4   Section        0  os.o(i.OS_InitSemaphore)
    i.OS_Kill                                0x00001ad0   Section        0  os.o(i.OS_Kill)
    i.OS_Launch                              0x00001b60   Section        0  os.o(i.OS_Launch)
    i.OS_MScounter_Init                      0x00001b78   Section        0  os.o(i.OS_MScounter_Init)
    i.OS_MailBox_Init                        0x00001be4   Section        0  os.o(i.OS_MailBox_Init)
    i.OS_MailBox_Recv                        0x00001c0c   Section        0  os.o(i.OS_MailBox_Recv)
    i.OS_MailBox_Send                        0x00001c30   Section        0  os.o(i.OS_MailBox_Send)
    i.OS_MsTime                              0x00001c54   Section        0  os.o(i.OS_MsTime)
    i.OS_ProfileTimer_Init                   0x00001c60   Section        0  os.o(i.OS_ProfileTimer_Init)
    i.OS_Recorder                            0x00001ca4   Section        0  os.o(i.OS_Recorder)
    i.OS_ResetRecorder                       0x00001ce4   Section        0  os.o(i.OS_ResetRecorder)
    i.OS_Signal                              0x00001cf0   Section        0  os.o(i.OS_Signal)
    i.OS_Sleep                               0x00001d14   Section        0  os.o(i.OS_Sleep)
    i.OS_Suspend                             0x00001d3c   Section        0  os.o(i.OS_Suspend)
    i.OS_Time                                0x00001d50   Section        0  os.o(i.OS_Time)
    i.OS_TimeDifference                      0x00001d5c   Section        0  os.o(i.OS_TimeDifference)
    i.OS_Wait                                0x00001d68   Section        0  os.o(i.OS_Wait)
    i.OS_bSignal                             0x00001d98   Section        0  os.o(i.OS_bSignal)
    i.OS_bWait                               0x00001dbc   Section        0  os.o(i.OS_bWait)
    i.OS_disintTime                          0x00001dec   Section        0  os.o(i.OS_disintTime)
    i.OS_enintTime                           0x00001dfc   Section        0  os.o(i.OS_enintTime)
    i.OutCRLF                                0x00001e48   Section        0  user.o(i.OutCRLF)
    i.PID                                    0x00001e58   Section        0  user.o(i.PID)
    i.PLL_Init                               0x00001ed4   Section        0  pll.o(i.PLL_Init)
    i.PortB_Init                             0x00001f50   Section        0  user.o(i.PortB_Init)
    i.PortE_Init                             0x00001fe8   Section        0  user.o(i.PortE_Init)
    i.PortF_Init                             0x00002058   Section        0  user.o(i.PortF_Init)
    i.PortF_KEY_Init                         0x000020b0   Section        0  os.o(i.PortF_KEY_Init)
    i.Producer                               0x000021b4   Section        0  user.o(i.Producer)
    i.RxFifo_Get                             0x000021e8   Section        0  uart.o(i.RxFifo_Get)
    i.RxFifo_Init                            0x00002224   Section        0  uart.o(i.RxFifo_Init)
    i.RxFifo_Put                             0x00002248   Section        0  uart.o(i.RxFifo_Put)
    i.RxFifo_Size                            0x00002284   Section        0  uart.o(i.RxFifo_Size)
    i.ST7735_DrawCharS                       0x0000229c   Section        0  st7735.o(i.ST7735_DrawCharS)
    i.ST7735_DrawPixel                       0x00002390   Section        0  st7735.o(i.ST7735_DrawPixel)
    i.ST7735_DrawString                      0x000023d8   Section        0  st7735.o(i.ST7735_DrawString)
    i.ST7735_FillRect                        0x00002430   Section        0  st7735.o(i.ST7735_FillRect)
    i.ST7735_FillScreen                      0x000024dc   Section        0  st7735.o(i.ST7735_FillScreen)
    i.ST7735_InitR                           0x00002500   Section        0  st7735.o(i.ST7735_InitR)
    i.ST7735_Initsema                        0x00002580   Section        0  st7735.o(i.ST7735_Initsema)
    i.ST7735_Message                         0x00002590   Section        0  st7735.o(i.ST7735_Message)
    i.ST7735_OutChar                         0x000026c0   Section        0  st7735.o(i.ST7735_OutChar)
    i.ST7735_OutString                       0x00002794   Section        0  st7735.o(i.ST7735_OutString)
    i.ST7735_SetCursor                       0x000027ac   Section        0  st7735.o(i.ST7735_SetCursor)
    i.SW1Push                                0x000027cc   Section        0  user.o(i.SW1Push)
    i.SW2Push                                0x000027fc   Section        0  user.o(i.SW2Push)
    i.Scheduler                              0x0000282c   Section        0  os.o(i.Scheduler)
    i.SetInitialStack                        0x00002874   Section        0  os.o(i.SetInitialStack)
    i.SleepList                              0x000029c4   Section        0  os.o(i.SleepList)
    i.Timer5A_Handler                        0x000029d8   Section        0  os.o(i.Timer5A_Handler)
    i.TxFifo_Get                             0x00002a64   Section        0  uart.o(i.TxFifo_Get)
    i.TxFifo_Init                            0x00002aa0   Section        0  uart.o(i.TxFifo_Init)
    i.TxFifo_Put                             0x00002ac4   Section        0  uart.o(i.TxFifo_Put)
    i.TxFifo_Size                            0x00002b00   Section        0  uart.o(i.TxFifo_Size)
    i.UART0_Handler                          0x00002b18   Section        0  uart.o(i.UART0_Handler)
    i.UART_InChar                            0x00002b5c   Section        0  uart.o(i.UART_InChar)
    i.UART_InString                          0x00002b70   Section        0  uart.o(i.UART_InString)
    i.UART_Init                              0x00002bb8   Section        0  uart.o(i.UART_Init)
    i.UART_OutChar                           0x00002cb0   Section        0  uart.o(i.UART_OutChar)
    i.UART_OutString                         0x00002ce4   Section        0  uart.o(i.UART_OutString)
    i.UART_OutUDec                           0x00002cfc   Section        0  uart.o(i.UART_OutUDec)
    i.UnblockThread                          0x00002d26   Section        0  os.o(i.UnblockThread)
    i.WideTimer0A_Handler                    0x00002d38   Section        0  os.o(i.WideTimer0A_Handler)
    i.WideTimer0B_Handler                    0x00002dd0   Section        0  os.o(i.WideTimer0B_Handler)
    i.__scatterload_copy                     0x00002e68   Section       14  handlers.o(i.__scatterload_copy)
    i.__scatterload_null                     0x00002e76   Section        2  handlers.o(i.__scatterload_null)
    i.__scatterload_zeroinit                 0x00002e78   Section       14  handlers.o(i.__scatterload_zeroinit)
    i.addBlockList                           0x00002e86   Section        0  os.o(i.addBlockList)
    i.addRunList                             0x00002ea0   Section        0  os.o(i.addRunList)
    i.addSleepList                           0x00002f60   Section        0  os.o(i.addSleepList)
    i.commandList                            0x00002f90   Section        0  st7735.o(i.commandList)
    commandList                              0x00002f91   Thumb Code    86  st7735.o(i.commandList)
    i.commonInit                             0x00002fe8   Section        0  st7735.o(i.commonInit)
    commonInit                               0x00002fe9   Thumb Code   340  st7735.o(i.commonInit)
    i.copyHardwareToSoftware                 0x0000316c   Section        0  uart.o(i.copyHardwareToSoftware)
    copyHardwareToSoftware                   0x0000316d   Thumb Code    36  uart.o(i.copyHardwareToSoftware)
    i.copySoftwareToHardware                 0x00003194   Section        0  uart.o(i.copySoftwareToHardware)
    copySoftwareToHardware                   0x00003195   Thumb Code    38  uart.o(i.copySoftwareToHardware)
    i.fillmessage                            0x000031c0   Section        0  st7735.o(i.fillmessage)
    i.main                                   0x00003208   Section        0  user.o(i.main)
    i.popBlockList                           0x000032a0   Section        0  os.o(i.popBlockList)
    i.pushColor                              0x000032ba   Section        0  st7735.o(i.pushColor)
    pushColor                                0x000032bb   Thumb Code    18  st7735.o(i.pushColor)
    i.removeFromRunList                      0x000032cc   Section        0  os.o(i.removeFromRunList)
    i.removeFromSleepList                    0x00003324   Section        0  os.o(i.removeFromSleepList)
    i.setAddrWindow                          0x00003380   Section        0  st7735.o(i.setAddrWindow)
    setAddrWindow                            0x00003381   Thumb Code   106  st7735.o(i.setAddrWindow)
    i.wakeupSleepList                        0x000033f4   Section        0  os.o(i.wakeupSleepList)
    i.writecommand                           0x00003408   Section        0  st7735.o(i.writecommand)
    writecommand                             0x00003409   Thumb Code    40  st7735.o(i.writecommand)
    i.writedata                              0x00003438   Section        0  st7735.o(i.writedata)
    writedata                                0x00003439   Thumb Code    24  st7735.o(i.writedata)
    .constdata                               0x00003458   Section     2018  st7735.o(.constdata)
    Font                                     0x00003458   Data        1275  st7735.o(.constdata)
    Bcmd                                     0x00003953   Data         103  st7735.o(.constdata)
    Rcmd1                                    0x000039ba   Data          59  st7735.o(.constdata)
    Rcmd2green                               0x000039f5   Data          13  st7735.o(.constdata)
    Rcmd2red                                 0x00003a02   Data          13  st7735.o(.constdata)
    Rcmd3                                    0x00003a0f   Data          43  st7735.o(.constdata)
    .data                                    0x20000000   Section       44  st7735.o(.data)
    _width                                   0x2000000a   Data           2  st7735.o(.data)
    _height                                  0x2000000c   Data           2  st7735.o(.data)
    ColStart                                 0x20000014   Data           1  st7735.o(.data)
    RowStart                                 0x20000015   Data           1  st7735.o(.data)
    Rotation                                 0x20000016   Data           1  st7735.o(.data)
    TabColor                                 0x20000017   Data           1  st7735.o(.data)
    .data                                    0x2000002c   Section      140  os.o(.data)
    LastTime                                 0x20000040   Data           4  os.o(.data)
    LastTime                                 0x20000044   Data           4  os.o(.data)
    .data                                    0x200000b8   Section       16  uart.o(.data)
    .data                                    0x200000c8   Section        4  adc.o(.data)
    .data                                    0x200000cc   Section      124  user.o(.data)
    n                                        0x200000cc   Data           4  user.o(.data)
    i                                        0x200000d0   Data           4  user.o(.data)
    result                                   0x200000d4   Data           4  user.o(.data)
    .bss                                     0x20000148   Section       24  st7735.o(.bss)
    .bss                                     0x20000160   Section    14724  os.o(.bss)
    .bss                                     0x20003ae4   Section      128  uart.o(.bss)
    RxFifo                                   0x20003b38   Data          16  uart.o(.bss)
    TxFifo                                   0x20003b54   Data          16  uart.o(.bss)
    .bss                                     0x20003b64   Section      616  user.o(.bss)
    x                                        0x20003b64   Data          24  user.o(.bss)
    y                                        0x20003b7c   Data          24  user.o(.bss)
    STACK                                    0x20003dd0   Section     1024  startup.o(STACK)
    StackMem                                 0x20003dd0   Data           0  startup.o(STACK)

    Global Symbols

    Symbol Name                              Value     Ov Type        Size  Object(Section)

    BuildAttributes$$THM_ISAv4$E$P$D$K$B$S$7EM$PE$A:L22UL41UL21$X:L11$S22US41US21$IEEE1$IW$USESV6$~STKCKD$USESV7$~SHL$OSPACE$EBA8$MICROLIB$REQ8$PRES8$EABIv2 0x00000000   Number         0  anon$$obj.o ABSOLUTE
    __ARM_use_no_argv                        0x00000000   Number         0  user.o ABSOLUTE
    __Vectors                                0x00000000   Data           0  startup.o(RESET)
    __cpp_initialize__aeabi_                  - Undefined Weak Reference
    __cxa_finalize                            - Undefined Weak Reference
    _clock_init                               - Undefined Weak Reference
    _microlib_exit                            - Undefined Weak Reference
    Reset_Handler                            0x0000026d   Thumb Code     0  startup.o(RESET)
    NMI_Handler                              0x00000271   Thumb Code     2  startup.o(RESET)
    HardFault_Handler                        0x00000273   Thumb Code     2  startup.o(RESET)
    MemManage_Handler                        0x00000275   Thumb Code     2  startup.o(RESET)
    BusFault_Handler                         0x00000277   Thumb Code     2  startup.o(RESET)
    UsageFault_Handler                       0x00000279   Thumb Code     2  startup.o(RESET)
    SVC_Handler                              0x0000027b   Thumb Code     2  startup.o(RESET)
    DebugMon_Handler                         0x0000027d   Thumb Code     2  startup.o(RESET)
    ADC0Seq0_Handler                         0x00000283   Thumb Code     0  startup.o(RESET)
    ADC0Seq1_Handler                         0x00000283   Thumb Code     0  startup.o(RESET)
    ADC0Seq3_Handler                         0x00000283   Thumb Code     0  startup.o(RESET)
    ADC1Seq0_Handler                         0x00000283   Thumb Code     0  startup.o(RESET)
    ADC1Seq1_Handler                         0x00000283   Thumb Code     0  startup.o(RESET)
    ADC1Seq2_Handler                         0x00000283   Thumb Code     0  startup.o(RESET)
    ADC1Seq3_Handler                         0x00000283   Thumb Code     0  startup.o(RESET)
    CAN0_Handler                             0x00000283   Thumb Code     0  startup.o(RESET)
    CAN1_Handler                             0x00000283   Thumb Code     0  startup.o(RESET)
    CAN2_Handler                             0x00000283   Thumb Code     0  startup.o(RESET)
    Comp0_Handler                            0x00000283   Thumb Code     0  startup.o(RESET)
    Comp1_Handler                            0x00000283   Thumb Code     0  startup.o(RESET)
    Comp2_Handler                            0x00000283   Thumb Code     0  startup.o(RESET)
    Ethernet_Handler                         0x00000283   Thumb Code     0  startup.o(RESET)
    ExtBus_Handler                           0x00000283   Thumb Code     0  startup.o(RESET)
    FPU_Handler                              0x00000283   Thumb Code     0  startup.o(RESET)
    Fan0_Handler                             0x00000283   Thumb Code     0  startup.o(RESET)
    FlashCtl_Handler                         0x00000283   Thumb Code     0  startup.o(RESET)
    GPIOPortA_Handler                        0x00000283   Thumb Code     0  startup.o(RESET)
    GPIOPortB_Handler                        0x00000283   Thumb Code     0  startup.o(RESET)
    GPIOPortC_Handler                        0x00000283   Thumb Code     0  startup.o(RESET)
    GPIOPortD_Handler                        0x00000283   Thumb Code     0  startup.o(RESET)
    GPIOPortE_Handler                        0x00000283   Thumb Code     0  startup.o(RESET)
    GPIOPortG_Handler                        0x00000283   Thumb Code     0  startup.o(RESET)
    GPIOPortH_Handler                        0x00000283   Thumb Code     0  startup.o(RESET)
    GPIOPortJ_Handler                        0x00000283   Thumb Code     0  startup.o(RESET)
    GPIOPortK_Handler                        0x00000283   Thumb Code     0  startup.o(RESET)
    GPIOPortL_Handler                        0x00000283   Thumb Code     0  startup.o(RESET)
    GPIOPortM_Handler                        0x00000283   Thumb Code     0  startup.o(RESET)
    GPIOPortN_Handler                        0x00000283   Thumb Code     0  startup.o(RESET)
    GPIOPortP1_Handler                       0x00000283   Thumb Code     0  startup.o(RESET)
    GPIOPortP2_Handler                       0x00000283   Thumb Code     0  startup.o(RESET)
    GPIOPortP3_Handler                       0x00000283   Thumb Code     0  startup.o(RESET)
    GPIOPortP4_Handler                       0x00000283   Thumb Code     0  startup.o(RESET)
    GPIOPortP5_Handler                       0x00000283   Thumb Code     0  startup.o(RESET)
    GPIOPortP6_Handler                       0x00000283   Thumb Code     0  startup.o(RESET)
    GPIOPortP7_Handler                       0x00000283   Thumb Code     0  startup.o(RESET)
    GPIOPortP_Handler                        0x00000283   Thumb Code     0  startup.o(RESET)
    GPIOPortQ1_Handler                       0x00000283   Thumb Code     0  startup.o(RESET)
    GPIOPortQ2_Handler                       0x00000283   Thumb Code     0  startup.o(RESET)
    GPIOPortQ3_Handler                       0x00000283   Thumb Code     0  startup.o(RESET)
    GPIOPortQ4_Handler                       0x00000283   Thumb Code     0  startup.o(RESET)
    GPIOPortQ5_Handler                       0x00000283   Thumb Code     0  startup.o(RESET)
    GPIOPortQ6_Handler                       0x00000283   Thumb Code     0  startup.o(RESET)
    GPIOPortQ7_Handler                       0x00000283   Thumb Code     0  startup.o(RESET)
    GPIOPortQ_Handler                        0x00000283   Thumb Code     0  startup.o(RESET)
    GPIOPortR_Handler                        0x00000283   Thumb Code     0  startup.o(RESET)
    GPIOPortS_Handler                        0x00000283   Thumb Code     0  startup.o(RESET)
    Hibernate_Handler                        0x00000283   Thumb Code     0  startup.o(RESET)
    I2C0_Handler                             0x00000283   Thumb Code     0  startup.o(RESET)
    I2C1_Handler                             0x00000283   Thumb Code     0  startup.o(RESET)
    I2C2_Handler                             0x00000283   Thumb Code     0  startup.o(RESET)
    I2C3_Handler                             0x00000283   Thumb Code     0  startup.o(RESET)
    I2C4_Handler                             0x00000283   Thumb Code     0  startup.o(RESET)
    I2C5_Handler                             0x00000283   Thumb Code     0  startup.o(RESET)
    I2S0_Handler                             0x00000283   Thumb Code     0  startup.o(RESET)
    LPC0_Handler                             0x00000283   Thumb Code     0  startup.o(RESET)
    PECI0_Handler                            0x00000283   Thumb Code     0  startup.o(RESET)
    PWM0Fault_Handler                        0x00000283   Thumb Code     0  startup.o(RESET)
    PWM0Generator0_Handler                   0x00000283   Thumb Code     0  startup.o(RESET)
    PWM0Generator1_Handler                   0x00000283   Thumb Code     0  startup.o(RESET)
    PWM0Generator2_Handler                   0x00000283   Thumb Code     0  startup.o(RESET)
    PWM0Generator3_Handler                   0x00000283   Thumb Code     0  startup.o(RESET)
    PWM1Fault_Handler                        0x00000283   Thumb Code     0  startup.o(RESET)
    PWM1Generator0_Handler                   0x00000283   Thumb Code     0  startup.o(RESET)
    PWM1Generator1_Handler                   0x00000283   Thumb Code     0  startup.o(RESET)
    PWM1Generator2_Handler                   0x00000283   Thumb Code     0  startup.o(RESET)
    PWM1Generator3_Handler                   0x00000283   Thumb Code     0  startup.o(RESET)
    Quadrature0_Handler                      0x00000283   Thumb Code     0  startup.o(RESET)
    Quadrature1_Handler                      0x00000283   Thumb Code     0  startup.o(RESET)
    Quadrature2_Handler                      0x00000283   Thumb Code     0  startup.o(RESET)
    SSI0_Handler                             0x00000283   Thumb Code     0  startup.o(RESET)
    SSI1_Handler                             0x00000283   Thumb Code     0  startup.o(RESET)
    SSI2_Handler                             0x00000283   Thumb Code     0  startup.o(RESET)
    SSI3_Handler                             0x00000283   Thumb Code     0  startup.o(RESET)
    SysCtl_Handler                           0x00000283   Thumb Code     0  startup.o(RESET)
    Timer0A_Handler                          0x00000283   Thumb Code     0  startup.o(RESET)
    Timer0B_Handler                          0x00000283   Thumb Code     0  startup.o(RESET)
    Timer1A_Handler                          0x00000283   Thumb Code     0  startup.o(RESET)
    Timer1B_Handler                          0x00000283   Thumb Code     0  startup.o(RESET)
    Timer2A_Handler                          0x00000283   Thumb Code     0  startup.o(RESET)
    Timer2B_Handler                          0x00000283   Thumb Code     0  startup.o(RESET)
    Timer3A_Handler                          0x00000283   Thumb Code     0  startup.o(RESET)
    Timer3B_Handler                          0x00000283   Thumb Code     0  startup.o(RESET)
    Timer4A_Handler                          0x00000283   Thumb Code     0  startup.o(RESET)
    Timer4B_Handler                          0x00000283   Thumb Code     0  startup.o(RESET)
    Timer5B_Handler                          0x00000283   Thumb Code     0  startup.o(RESET)
    UART1_Handler                            0x00000283   Thumb Code     0  startup.o(RESET)
    UART2_Handler                            0x00000283   Thumb Code     0  startup.o(RESET)
    UART3_Handler                            0x00000283   Thumb Code     0  startup.o(RESET)
    UART4_Handler                            0x00000283   Thumb Code     0  startup.o(RESET)
    UART5_Handler                            0x00000283   Thumb Code     0  startup.o(RESET)
    UART6_Handler                            0x00000283   Thumb Code     0  startup.o(RESET)
    UART7_Handler                            0x00000283   Thumb Code     0  startup.o(RESET)
    USB0_Handler                             0x00000283   Thumb Code     0  startup.o(RESET)
    WDT_Handler                              0x00000283   Thumb Code     0  startup.o(RESET)
    WideTimer1A_Handler                      0x00000283   Thumb Code     0  startup.o(RESET)
    WideTimer1B_Handler                      0x00000283   Thumb Code     0  startup.o(RESET)
    WideTimer2A_Handler                      0x00000283   Thumb Code     0  startup.o(RESET)
    WideTimer2B_Handler                      0x00000283   Thumb Code     0  startup.o(RESET)
    WideTimer3A_Handler                      0x00000283   Thumb Code     0  startup.o(RESET)
    WideTimer3B_Handler                      0x00000283   Thumb Code     0  startup.o(RESET)
    WideTimer4A_Handler                      0x00000283   Thumb Code     0  startup.o(RESET)
    WideTimer4B_Handler                      0x00000283   Thumb Code     0  startup.o(RESET)
    WideTimer5A_Handler                      0x00000283   Thumb Code     0  startup.o(RESET)
    WideTimer5B_Handler                      0x00000283   Thumb Code     0  startup.o(RESET)
    uDMA_Error                               0x00000283   Thumb Code     0  startup.o(RESET)
    uDMA_Handler                             0x00000283   Thumb Code     0  startup.o(RESET)
    __main                                   0x00000285   Thumb Code     0  entry.o(.ARM.Collect$$$$00000000)
    _main_stk                                0x00000285   Thumb Code     0  entry2.o(.ARM.Collect$$$$00000001)
    _main_scatterload                        0x00000289   Thumb Code     0  entry5.o(.ARM.Collect$$$$00000004)
    __main_after_scatterload                 0x0000028d   Thumb Code     0  entry5.o(.ARM.Collect$$$$00000004)
    _main_clock                              0x0000028d   Thumb Code     0  entry7b.o(.ARM.Collect$$$$00000008)
    _main_cpp_init                           0x0000028d   Thumb Code     0  entry8b.o(.ARM.Collect$$$$0000000A)
    _main_init                               0x0000028d   Thumb Code     0  entry9a.o(.ARM.Collect$$$$0000000B)
    __rt_final_cpp                           0x00000295   Thumb Code     0  entry10a.o(.ARM.Collect$$$$0000000D)
    __rt_final_exit                          0x00000295   Thumb Code     0  entry11a.o(.ARM.Collect$$$$0000000F)
    DisableInterrupts                        0x00000299   Thumb Code     0  startup.o(.text)
    EnableInterrupts                         0x0000029d   Thumb Code     0  startup.o(.text)
    OS_DisableInterrupts                     0x000002a1   Thumb Code     0  startup.o(.text)
    OS_EnableInterrupts                      0x000002af   Thumb Code     0  startup.o(.text)
    StartCritical                            0x000002bd   Thumb Code     0  startup.o(.text)
    EndCritical                              0x000002cf   Thumb Code     0  startup.o(.text)
    WaitForInterrupt                         0x000002df   Thumb Code     0  startup.o(.text)
    cr4_fft_64_stm32                         0x000002e5   Thumb Code     0  cr4_fft_64_stm32.o(.text)
    PendSV_Handler                           0x000005b5   Thumb Code     0  osasm.o(.text)
    SysTick_Handler                          0x000005e9   Thumb Code     0  osasm.o(.text)
    StartOS                                  0x00000619   Thumb Code     0  osasm.o(.text)
    PID_stm32                                0x0000063d   Thumb Code     0  pid_stm32.o(.text)
    strlen                                   0x00000685   Thumb Code    14  strlen.o(.text)
    strncmp                                  0x00000693   Thumb Code    30  strncmp.o(.text)
    __scatterload                            0x000006b1   Thumb Code    28  init.o(.text)
    __scatterload_rt2                        0x000006b1   Thumb Code     0  init.o(.text)
    __decompress                             0x000006d5   Thumb Code     0  __dczerorl.o(.text)
    __decompress0                            0x000006d5   Thumb Code    58  __dczerorl.o(.text)
    ADC0Seq2_Handler                         0x00000711   Thumb Code    24  adc.o(i.ADC0Seq2_Handler)
    ADC_Collect                              0x00000735   Thumb Code  1096  adc.o(i.ADC_Collect)
    ADC_In                                   0x00000b7d   Thumb Code    36  adc.o(i.ADC_In)
    ADC_Open                                 0x00000ba9   Thumb Code   924  adc.o(i.ADC_Open)
    BSP_init                                 0x00000f6d   Thumb Code    54  user.o(i.BSP_init)
    BlockThread                              0x00000fb5   Thumb Code    22  os.o(i.BlockThread)
    ButtonWork                               0x00000fcd   Thumb Code    76  user.o(i.ButtonWork)
    Consumer                                 0x00001069   Thumb Code   112  user.o(i.Consumer)
    DAS                                      0x000010f1   Thumb Code    40  user.o(i.DAS)
    Delay1ms                                 0x00001125   Thumb Code    32  st7735.o(i.Delay1ms)
    Display                                  0x00001145   Thumb Code    64  user.o(i.Display)
    Filter                                   0x000011a1   Thumb Code   186  user.o(i.Filter)
    GPIOPortF_Handler                        0x00001269   Thumb Code    52  os.o(i.GPIOPortF_Handler)
    Interpreter                              0x000012a9   Thumb Code   352  user.o(i.Interpreter)
    OS_AddPeriodicThread                     0x000014c9   Thumb Code   262  os.o(i.OS_AddPeriodicThread)
    OS_AddSW1Task                            0x000015f5   Thumb Code    26  os.o(i.OS_AddSW1Task)
    OS_AddSW2Task                            0x0000161d   Thumb Code    26  os.o(i.OS_AddSW2Task)
    OS_AddThread                             0x00001645   Thumb Code   584  os.o(i.OS_AddThread)
    OS_ClearMsTime                           0x000018ad   Thumb Code     8  os.o(i.OS_ClearMsTime)
    OS_ClearRecorder                         0x000018b9   Thumb Code    26  os.o(i.OS_ClearRecorder)
    OS_DumpRecorder                          0x000018dd   Thumb Code    52  os.o(i.OS_DumpRecorder)
    OS_Fifo_Get                              0x00001919   Thumb Code    58  os.o(i.OS_Fifo_Get)
    OS_Fifo_Init                             0x00001965   Thumb Code    56  os.o(i.OS_Fifo_Init)
    OS_Fifo_Put                              0x000019b5   Thumb Code    72  os.o(i.OS_Fifo_Put)
    OS_Id                                    0x00001a0d   Thumb Code     8  os.o(i.OS_Id)
    OS_Init                                  0x00001a19   Thumb Code   118  os.o(i.OS_Init)
    OS_InitSemaphore                         0x00001ab5   Thumb Code    28  os.o(i.OS_InitSemaphore)
    OS_Kill                                  0x00001ad1   Thumb Code   124  os.o(i.OS_Kill)
    OS_Launch                                0x00001b61   Thumb Code    22  os.o(i.OS_Launch)
    OS_MScounter_Init                        0x00001b79   Thumb Code    86  os.o(i.OS_MScounter_Init)
    OS_MailBox_Init                          0x00001be5   Thumb Code    26  os.o(i.OS_MailBox_Init)
    OS_MailBox_Recv                          0x00001c0d   Thumb Code    22  os.o(i.OS_MailBox_Recv)
    OS_MailBox_Send                          0x00001c31   Thumb Code    22  os.o(i.OS_MailBox_Send)
    OS_MsTime                                0x00001c55   Thumb Code     6  os.o(i.OS_MsTime)
    OS_ProfileTimer_Init                     0x00001c61   Thumb Code    58  os.o(i.OS_ProfileTimer_Init)
    OS_Recorder                              0x00001ca5   Thumb Code    50  os.o(i.OS_Recorder)
    OS_ResetRecorder                         0x00001ce5   Thumb Code     8  os.o(i.OS_ResetRecorder)
    OS_Signal                                0x00001cf1   Thumb Code    36  os.o(i.OS_Signal)
    OS_Sleep                                 0x00001d15   Thumb Code    36  os.o(i.OS_Sleep)
    OS_Suspend                               0x00001d3d   Thumb Code    14  os.o(i.OS_Suspend)
    OS_Time                                  0x00001d51   Thumb Code     6  os.o(i.OS_Time)
    OS_TimeDifference                        0x00001d5d   Thumb Code    12  os.o(i.OS_TimeDifference)
    OS_Wait                                  0x00001d69   Thumb Code    44  os.o(i.OS_Wait)
    OS_bSignal                               0x00001d99   Thumb Code    36  os.o(i.OS_bSignal)
    OS_bWait                                 0x00001dbd   Thumb Code    44  os.o(i.OS_bWait)
    OS_disintTime                            0x00001ded   Thumb Code    12  os.o(i.OS_disintTime)
    OS_enintTime                             0x00001dfd   Thumb Code    58  os.o(i.OS_enintTime)
    OutCRLF                                  0x00001e49   Thumb Code    16  user.o(i.OutCRLF)
    PID                                      0x00001e59   Thumb Code    96  user.o(i.PID)
    PLL_Init                                 0x00001ed5   Thumb Code   118  pll.o(i.PLL_Init)
    PortB_Init                               0x00001f51   Thumb Code   110  user.o(i.PortB_Init)
    PortE_Init                               0x00001fe9   Thumb Code    94  user.o(i.PortE_Init)
    PortF_Init                               0x00002059   Thumb Code    76  user.o(i.PortF_Init)
    PortF_KEY_Init                           0x000020b1   Thumb Code   226  os.o(i.PortF_KEY_Init)
    Producer                                 0x000021b5   Thumb Code    44  user.o(i.Producer)
    RxFifo_Get                               0x000021e9   Thumb Code    46  uart.o(i.RxFifo_Get)
    RxFifo_Init                              0x00002225   Thumb Code    26  uart.o(i.RxFifo_Init)
    RxFifo_Put                               0x00002249   Thumb Code    48  uart.o(i.RxFifo_Put)
    RxFifo_Size                              0x00002285   Thumb Code    14  uart.o(i.RxFifo_Size)
    ST7735_DrawCharS                         0x0000229d   Thumb Code   232  st7735.o(i.ST7735_DrawCharS)
    ST7735_DrawPixel                         0x00002391   Thumb Code    64  st7735.o(i.ST7735_DrawPixel)
    ST7735_DrawString                        0x000023d9   Thumb Code    86  st7735.o(i.ST7735_DrawString)
    ST7735_FillRect                          0x00002431   Thumb Code   164  st7735.o(i.ST7735_FillRect)
    ST7735_FillScreen                        0x000024dd   Thumb Code    28  st7735.o(i.ST7735_FillScreen)
    ST7735_InitR                             0x00002501   Thumb Code    94  st7735.o(i.ST7735_InitR)
    ST7735_Initsema                          0x00002581   Thumb Code    12  st7735.o(i.ST7735_Initsema)
    ST7735_Message                           0x00002591   Thumb Code   256  st7735.o(i.ST7735_Message)
    ST7735_OutChar                           0x000026c1   Thumb Code   176  st7735.o(i.ST7735_OutChar)
    ST7735_OutString                         0x00002795   Thumb Code    24  st7735.o(i.ST7735_OutString)
    ST7735_SetCursor                         0x000027ad   Thumb Code    22  st7735.o(i.ST7735_SetCursor)
    SW1Push                                  0x000027cd   Thumb Code    38  user.o(i.SW1Push)
    SW2Push                                  0x000027fd   Thumb Code    38  user.o(i.SW2Push)
    Scheduler                                0x0000282d   Thumb Code    60  os.o(i.Scheduler)
    SetInitialStack                          0x00002875   Thumb Code   328  os.o(i.SetInitialStack)
    SleepList                                0x000029c5   Thumb Code    18  os.o(i.SleepList)
    Timer5A_Handler                          0x000029d9   Thumb Code   124  os.o(i.Timer5A_Handler)
    TxFifo_Get                               0x00002a65   Thumb Code    46  uart.o(i.TxFifo_Get)
    TxFifo_Init                              0x00002aa1   Thumb Code    26  uart.o(i.TxFifo_Init)
    TxFifo_Put                               0x00002ac5   Thumb Code    48  uart.o(i.TxFifo_Put)
    TxFifo_Size                              0x00002b01   Thumb Code    14  uart.o(i.TxFifo_Size)
    UART0_Handler                            0x00002b19   Thumb Code    64  uart.o(i.UART0_Handler)
    UART_InChar                              0x00002b5d   Thumb Code    20  uart.o(i.UART_InChar)
    UART_InString                            0x00002b71   Thumb Code    70  uart.o(i.UART_InString)
    UART_Init                                0x00002bb9   Thumb Code   212  uart.o(i.UART_Init)
    UART_OutChar                             0x00002cb1   Thumb Code    46  uart.o(i.UART_OutChar)
    UART_OutString                           0x00002ce5   Thumb Code    24  uart.o(i.UART_OutString)
    UART_OutUDec                             0x00002cfd   Thumb Code    42  uart.o(i.UART_OutUDec)
    UnblockThread                            0x00002d27   Thumb Code    18  os.o(i.UnblockThread)
    WideTimer0A_Handler                      0x00002d39   Thumb Code   124  os.o(i.WideTimer0A_Handler)
    WideTimer0B_Handler                      0x00002dd1   Thumb Code   124  os.o(i.WideTimer0B_Handler)
    __scatterload_copy                       0x00002e69   Thumb Code    14  handlers.o(i.__scatterload_copy)
    __scatterload_null                       0x00002e77   Thumb Code     2  handlers.o(i.__scatterload_null)
    __scatterload_zeroinit                   0x00002e79   Thumb Code    14  handlers.o(i.__scatterload_zeroinit)
    addBlockList                             0x00002e87   Thumb Code    26  os.o(i.addBlockList)
    addRunList                               0x00002ea1   Thumb Code   176  os.o(i.addRunList)
    addSleepList                             0x00002f61   Thumb Code    38  os.o(i.addSleepList)
    fillmessage                              0x000031c1   Thumb Code    64  st7735.o(i.fillmessage)
    main                                     0x00003209   Thumb Code   116  user.o(i.main)
    popBlockList                             0x000032a1   Thumb Code    26  os.o(i.popBlockList)
    removeFromRunList                        0x000032cd   Thumb Code    76  os.o(i.removeFromRunList)
    removeFromSleepList                      0x00003325   Thumb Code    82  os.o(i.removeFromSleepList)
    wakeupSleepList                          0x000033f5   Thumb Code    18  os.o(i.wakeupSleepList)
    dBfs                                     0x00003a3a   Data         512  st7735.o(.constdata)
    Region$$Table$$Base                      0x00003c3c   Number         0  anon$$obj.o(Region$$Table)
    Region$$Table$$Limit                     0x00003c5c   Number         0  anon$$obj.o(Region$$Table)
    StX                                      0x20000000   Data           4  st7735.o(.data)
    StY                                      0x20000004   Data           4  st7735.o(.data)
    StTextColor                              0x20000008   Data           2  st7735.o(.data)
    lastj                                    0x20000010   Data           4  st7735.o(.data)
    Messageindex                             0x20000018   Data           4  st7735.o(.data)
    Ymax                                     0x2000001c   Data           4  st7735.o(.data)
    Ymin                                     0x20000020   Data           4  st7735.o(.data)
    X                                        0x20000024   Data           4  st7735.o(.data)
    Yrange                                   0x20000028   Data           4  st7735.o(.data)
    numPeriodicThread                        0x2000002c   Data           4  os.o(.data)
    FallingEdges                             0x20000030   Data           4  os.o(.data)
    MsTime                                   0x20000034   Data           4  os.o(.data)
    maxnointTime                             0x20000038   Data           4  os.o(.data)
    curRecordingThread                       0x2000003c   Data           4  os.o(.data)
    MaxJitter                                0x20000048   Data           4  os.o(.data)
    MaxJitter2                               0x2000004c   Data           4  os.o(.data)
    counter                                  0x20000050   Data           4  os.o(.data)
    PeriodicTask                             0x20000054   Data           4  os.o(.data)
    PeriodicTask2                            0x20000058   Data           4  os.o(.data)
    PeriodicTaskPeriod                       0x2000005c   Data           4  os.o(.data)
    PeriodicTask2Period                      0x20000060   Data           4  os.o(.data)
    SW1task                                  0x20000064   Data           4  os.o(.data)
    SW2task                                  0x20000068   Data           4  os.o(.data)
    RunPt                                    0x2000006c   Data           4  os.o(.data)
    threadHead                               0x20000070   Data           4  os.o(.data)
    threadTail                               0x20000074   Data           4  os.o(.data)
    totalThread                              0x20000078   Data           4  os.o(.data)
    curThread                                0x2000007c   Data           4  os.o(.data)
    sleepHead                                0x20000080   Data           4  os.o(.data)
    sleepTail                                0x20000084   Data           4  os.o(.data)
    PeriodicTaskCount                        0x20000088   Data           4  os.o(.data)
    PeriodicTask2Count                       0x2000008c   Data           4  os.o(.data)
    prev_pt                                  0x20000090   Data           4  os.o(.data)
    SW1_pri                                  0x20000094   Data           4  os.o(.data)
    SW2_pri                                  0x20000098   Data           4  os.o(.data)
    FIFOused                                 0x2000009c   Data           4  os.o(.data)
    FIFOtail                                 0x200000a0   Data           4  os.o(.data)
    FIFOhead                                 0x200000a4   Data           4  os.o(.data)
    mail                                     0x200000a8   Data           4  os.o(.data)
    nointTime                                0x200000ac   Data           4  os.o(.data)
    totalnointTime                           0x200000b0   Data           4  os.o(.data)
    int_time_diff                            0x200000b4   Data           4  os.o(.data)
    RxPutI                                   0x200000b8   Data           4  uart.o(.data)
    RxGetI                                   0x200000bc   Data           4  uart.o(.data)
    TxPutI                                   0x200000c0   Data           4  uart.o(.data)
    TxGetI                                   0x200000c4   Data           4  uart.o(.data)
    function                                 0x200000c8   Data           4  adc.o(.data)
    NumCreated                               0x200000d8   Data           4  user.o(.data)
    PIDWork                                  0x200000dc   Data           4  user.o(.data)
    FilterWork                               0x200000e0   Data           4  user.o(.data)
    NumSamples                               0x200000e4   Data           4  user.o(.data)
    DataLost                                 0x200000e8   Data           4  user.o(.data)
    TotalWithI1                              0x200000ec   Data           4  user.o(.data)
    MaxWithI1                                0x200000f0   Data           2  user.o(.data)
    Count1                                   0x200000f4   Data           4  user.o(.data)
    Count2                                   0x200000f8   Data           4  user.o(.data)
    Count3                                   0x200000fc   Data           4  user.o(.data)
    Count4                                   0x20000100   Data           4  user.o(.data)
    Count5                                   0x20000104   Data           4  user.o(.data)
    Lost                                     0x20000108   Data           4  user.o(.data)
    time                                     0x2000010c   Data           4  user.o(.data)
    DASoutput                                0x20000110   Data           4  user.o(.data)
    IntTerm                                  0x20000114   Data           2  user.o(.data)
    PrevError                                0x20000116   Data           2  user.o(.data)
    Coeff                                    0x20000118   Data           6  user.o(.data)
    Actuator                                 0x2000011e   Data           2  user.o(.data)
    data                                     0x20000120   Data           4  user.o(.data)
    percentTime                              0x20000124   Data           4  user.o(.data)
    CountA                                   0x20000128   Data           4  user.o(.data)
    CountB                                   0x2000012c   Data           4  user.o(.data)
    SignalCount1                             0x20000130   Data           4  user.o(.data)
    SignalCount2                             0x20000134   Data           4  user.o(.data)
    SignalCount3                             0x20000138   Data           4  user.o(.data)
    WaitCount1                               0x2000013c   Data           4  user.o(.data)
    WaitCount2                               0x20000140   Data           4  user.o(.data)
    WaitCount3                               0x20000144   Data           4  user.o(.data)
    Message                                  0x20000148   Data          12  st7735.o(.bss)
    ST7735semaPt                             0x20000154   Data          12  st7735.o(.bss)
    JitterHistogram                          0x20000160   Data         256  os.o(.bss)
    JitterHistogram2                         0x20000260   Data         256  os.o(.bss)
    blockUsed                                0x20000360   Data         120  os.o(.bss)
    tcbs                                     0x200003d8   Data         720  os.o(.bss)
    Stacks                                   0x200006a8   Data       12000  os.o(.bss)
    OS_FIFO                                  0x20003588   Data         512  os.o(.bss)
    FIFOfull                                 0x20003788   Data          12  os.o(.bss)
    FIFOempty                                0x20003794   Data          12  os.o(.bss)
    FIFOmutex                                0x200037a0   Data          12  os.o(.bss)
    boxFree                                  0x200037ac   Data          12  os.o(.bss)
    boxValid                                 0x200037b8   Data          12  os.o(.bss)
    timestamp                                0x200037c4   Data         400  os.o(.bss)
    curId                                    0x20003954   Data         400  os.o(.bss)
    RxFIFO_semaFull                          0x20003ae4   Data          12  uart.o(.bss)
    TxFIFO_semaFull                          0x20003af0   Data          12  uart.o(.bss)
    RxFIFO_semaEmpty                         0x20003afc   Data          12  uart.o(.bss)
    TxFIFO_semaEmpty                         0x20003b08   Data          12  uart.o(.bss)
    RxFIFO_semaMutex                         0x20003b14   Data          12  uart.o(.bss)
    TxFIFO_semaMutex                         0x20003b20   Data          12  uart.o(.bss)
    RxsemaPt                                 0x20003b2c   Data          12  uart.o(.bss)
    TxsemaPt                                 0x20003b48   Data          12  uart.o(.bss)
    x                                        0x20003b94   Data         256  user.o(.bss)
    y                                        0x20003c94   Data         256  user.o(.bss)
    Readyc                                   0x20003d94   Data          12  user.o(.bss)
    bufPt                                    0x20003da0   Data          20  user.o(.bss)
    Readyd                                   0x20003db4   Data          12  user.o(.bss)
    s                                        0x20003dc0   Data          12  user.o(.bss)
    __initial_sp                             0x200041d0   Data           0  startup.o(STACK)



==============================================================================

Memory Map of the image

  Image Entry point : 0x0000026d

  Load Region LR_1 (Base: 0x00000000, Size: 0x00003da4, Max: 0xffffffff, ABSOLUTE, COMPRESSED[0x00003c68])

    Execution Region ER_RO (Base: 0x00000000, Size: 0x00003c5c, Max: 0xffffffff, ABSOLUTE)

    Base Addr    Size         Type   Attr      Idx    E Section Name        Object

    0x00000000   0x00000284   Code   RO            3  * RESET               startup.o
    0x00000284   0x00000000   Code   RO         1212  * .ARM.Collect$$$$00000000  mc_w.l(entry.o)
    0x00000284   0x00000004   Code   RO         1221    .ARM.Collect$$$$00000001  mc_w.l(entry2.o)
    0x00000288   0x00000004   Code   RO         1224    .ARM.Collect$$$$00000004  mc_w.l(entry5.o)
    0x0000028c   0x00000000   Code   RO         1226    .ARM.Collect$$$$00000008  mc_w.l(entry7b.o)
    0x0000028c   0x00000000   Code   RO         1228    .ARM.Collect$$$$0000000A  mc_w.l(entry8b.o)
    0x0000028c   0x00000008   Code   RO         1229    .ARM.Collect$$$$0000000B  mc_w.l(entry9a.o)
    0x00000294   0x00000000   Code   RO         1231    .ARM.Collect$$$$0000000D  mc_w.l(entry10a.o)
    0x00000294   0x00000000   Code   RO         1233    .ARM.Collect$$$$0000000F  mc_w.l(entry11a.o)
    0x00000294   0x00000004   Code   RO         1222    .ARM.Collect$$$$00002712  mc_w.l(entry2.o)
    0x00000298   0x0000004c   Code   RO            4    .text               startup.o
    0x000002e4   0x000002ce   Code   RO          864    .text               cr4_fft_64_stm32.o
    0x000005b2   0x00000002   PAD
    0x000005b4   0x00000088   Code   RO          867    .text               osasm.o
    0x0000063c   0x00000048   Code   RO          870    .text               pid_stm32.o
    0x00000684   0x0000000e   Code   RO         1215    .text               mc_w.l(strlen.o)
    0x00000692   0x0000001e   Code   RO         1219    .text               mc_w.l(strncmp.o)
    0x000006b0   0x00000024   Code   RO         1235    .text               mc_w.l(init.o)
    0x000006d4   0x0000003a   Code   RO         1245    .text               mc_w.l(__dczerorl.o)
    0x0000070e   0x00000002   PAD
    0x00000710   0x00000024   Code   RO          828    i.ADC0Seq2_Handler  adc.o
    0x00000734   0x00000448   Code   RO          829    i.ADC_Collect       adc.o
    0x00000b7c   0x0000002c   Code   RO          830    i.ADC_In            adc.o
    0x00000ba8   0x000003c4   Code   RO          831    i.ADC_Open          adc.o
    0x00000f6c   0x00000048   Code   RO          873    i.BSP_init          user.o
    0x00000fb4   0x00000016   Code   RO          341    i.BlockThread       os.o
    0x00000fca   0x00000002   PAD
    0x00000fcc   0x0000009c   Code   RO          878    i.ButtonWork        user.o
    0x00001068   0x00000088   Code   RO          879    i.Consumer          user.o
    0x000010f0   0x00000034   Code   RO          880    i.DAS               user.o
    0x00001124   0x00000020   Code   RO           34    i.Delay1ms          st7735.o
    0x00001144   0x0000005c   Code   RO          881    i.Display           user.o
    0x000011a0   0x000000c8   Code   RO          882    i.Filter            user.o
    0x00001268   0x00000040   Code   RO          342    i.GPIOPortF_Handler  os.o
    0x000012a8   0x00000220   Code   RO          883    i.Interpreter       user.o
    0x000014c8   0x0000012c   Code   RO          344    i.OS_AddPeriodicThread  os.o
    0x000015f4   0x00000028   Code   RO          345    i.OS_AddSW1Task     os.o
    0x0000161c   0x00000028   Code   RO          346    i.OS_AddSW2Task     os.o
    0x00001644   0x00000268   Code   RO          347    i.OS_AddThread      os.o
    0x000018ac   0x0000000c   Code   RO          348    i.OS_ClearMsTime    os.o
    0x000018b8   0x00000024   Code   RO          349    i.OS_ClearRecorder  os.o
    0x000018dc   0x0000003c   Code   RO          351    i.OS_DumpRecorder   os.o
    0x00001918   0x0000004c   Code   RO          352    i.OS_Fifo_Get       os.o
    0x00001964   0x00000050   Code   RO          353    i.OS_Fifo_Init      os.o
    0x000019b4   0x00000058   Code   RO          354    i.OS_Fifo_Put       os.o
    0x00001a0c   0x0000000c   Code   RO          356    i.OS_Id             os.o
    0x00001a18   0x0000009c   Code   RO          357    i.OS_Init           os.o
    0x00001ab4   0x0000001c   Code   RO          358    i.OS_InitSemaphore  os.o
    0x00001ad0   0x00000090   Code   RO          359    i.OS_Kill           os.o
    0x00001b60   0x00000016   Code   RO          360    i.OS_Launch         os.o
    0x00001b76   0x00000002   PAD
    0x00001b78   0x0000006c   Code   RO          361    i.OS_MScounter_Init  os.o
    0x00001be4   0x00000028   Code   RO          362    i.OS_MailBox_Init   os.o
    0x00001c0c   0x00000024   Code   RO          363    i.OS_MailBox_Recv   os.o
    0x00001c30   0x00000024   Code   RO          364    i.OS_MailBox_Send   os.o
    0x00001c54   0x0000000c   Code   RO          365    i.OS_MsTime         os.o
    0x00001c60   0x00000044   Code   RO          366    i.OS_ProfileTimer_Init  os.o
    0x00001ca4   0x00000040   Code   RO          368    i.OS_Recorder       os.o
    0x00001ce4   0x0000000c   Code   RO          369    i.OS_ResetRecorder  os.o
    0x00001cf0   0x00000024   Code   RO          370    i.OS_Signal         os.o
    0x00001d14   0x00000028   Code   RO          371    i.OS_Sleep          os.o
    0x00001d3c   0x00000014   Code   RO          372    i.OS_Suspend        os.o
    0x00001d50   0x0000000c   Code   RO          373    i.OS_Time           os.o
    0x00001d5c   0x0000000c   Code   RO          374    i.OS_TimeDifference  os.o
    0x00001d68   0x00000030   Code   RO          375    i.OS_Wait           os.o
    0x00001d98   0x00000024   Code   RO          376    i.OS_bSignal        os.o
    0x00001dbc   0x00000030   Code   RO          377    i.OS_bWait          os.o
    0x00001dec   0x00000010   Code   RO          378    i.OS_disintTime     os.o
    0x00001dfc   0x0000004c   Code   RO          379    i.OS_enintTime      os.o
    0x00001e48   0x00000010   Code   RO          884    i.OutCRLF           user.o
    0x00001e58   0x0000007c   Code   RO          886    i.PID               user.o
    0x00001ed4   0x0000007c   Code   RO           12    i.PLL_Init          pll.o
    0x00001f50   0x00000098   Code   RO          887    i.PortB_Init        user.o
    0x00001fe8   0x00000070   Code   RO          888    i.PortE_Init        user.o
    0x00002058   0x00000058   Code   RO          889    i.PortF_Init        user.o
    0x000020b0   0x00000104   Code   RO          380    i.PortF_KEY_Init    os.o
    0x000021b4   0x00000034   Code   RO          890    i.Producer          user.o
    0x000021e8   0x0000003c   Code   RO          679    i.RxFifo_Get        uart.o
    0x00002224   0x00000024   Code   RO          680    i.RxFifo_Init       uart.o
    0x00002248   0x0000003c   Code   RO          681    i.RxFifo_Put        uart.o
    0x00002284   0x00000018   Code   RO          682    i.RxFifo_Size       uart.o
    0x0000229c   0x000000f4   Code   RO           43    i.ST7735_DrawCharS  st7735.o
    0x00002390   0x00000048   Code   RO           46    i.ST7735_DrawPixel  st7735.o
    0x000023d8   0x00000056   Code   RO           47    i.ST7735_DrawString  st7735.o
    0x0000242e   0x00000002   PAD
    0x00002430   0x000000ac   Code   RO           48    i.ST7735_FillRect   st7735.o
    0x000024dc   0x00000024   Code   RO           49    i.ST7735_FillScreen  st7735.o
    0x00002500   0x00000080   Code   RO           51    i.ST7735_InitR      st7735.o
    0x00002580   0x00000010   Code   RO           52    i.ST7735_Initsema   st7735.o
    0x00002590   0x00000130   Code   RO           54    i.ST7735_Message    st7735.o
    0x000026c0   0x000000d4   Code   RO           55    i.ST7735_OutChar    st7735.o
    0x00002794   0x00000018   Code   RO           56    i.ST7735_OutString  st7735.o
    0x000027ac   0x00000020   Code   RO           66    i.ST7735_SetCursor  st7735.o
    0x000027cc   0x00000030   Code   RO          892    i.SW1Push           user.o
    0x000027fc   0x00000030   Code   RO          893    i.SW2Push           user.o
    0x0000282c   0x00000048   Code   RO          381    i.Scheduler         os.o
    0x00002874   0x00000150   Code   RO          382    i.SetInitialStack   os.o
    0x000029c4   0x00000012   Code   RO          383    i.SleepList         os.o
    0x000029d6   0x00000002   PAD
    0x000029d8   0x0000008c   Code   RO          384    i.Timer5A_Handler   os.o
    0x00002a64   0x0000003c   Code   RO          683    i.TxFifo_Get        uart.o
    0x00002aa0   0x00000024   Code   RO          684    i.TxFifo_Init       uart.o
    0x00002ac4   0x0000003c   Code   RO          685    i.TxFifo_Put        uart.o
    0x00002b00   0x00000018   Code   RO          686    i.TxFifo_Size       uart.o
    0x00002b18   0x00000044   Code   RO          687    i.UART0_Handler     uart.o
    0x00002b5c   0x00000014   Code   RO          688    i.UART_InChar       uart.o
    0x00002b70   0x00000046   Code   RO          689    i.UART_InString     uart.o
    0x00002bb6   0x00000002   PAD
    0x00002bb8   0x000000f8   Code   RO          692    i.UART_Init         uart.o
    0x00002cb0   0x00000034   Code   RO          693    i.UART_OutChar      uart.o
    0x00002ce4   0x00000018   Code   RO          694    i.UART_OutString    uart.o
    0x00002cfc   0x0000002a   Code   RO          695    i.UART_OutUDec      uart.o
    0x00002d26   0x00000012   Code   RO          385    i.UnblockThread     os.o
    0x00002d38   0x00000098   Code   RO          386    i.WideTimer0A_Handler  os.o
    0x00002dd0   0x00000098   Code   RO          387    i.WideTimer0B_Handler  os.o
    0x00002e68   0x0000000e   Code   RO         1239    i.__scatterload_copy  mc_w.l(handlers.o)
    0x00002e76   0x00000002   Code   RO         1240    i.__scatterload_null  mc_w.l(handlers.o)
    0x00002e78   0x0000000e   Code   RO         1241    i.__scatterload_zeroinit  mc_w.l(handlers.o)
    0x00002e86   0x0000001a   Code   RO          388    i.addBlockList      os.o
    0x00002ea0   0x000000c0   Code   RO          389    i.addRunList        os.o
    0x00002f60   0x00000030   Code   RO          390    i.addSleepList      os.o
    0x00002f90   0x00000056   Code   RO           70    i.commandList       st7735.o
    0x00002fe6   0x00000002   PAD
    0x00002fe8   0x00000184   Code   RO           71    i.commonInit        st7735.o
    0x0000316c   0x00000028   Code   RO          697    i.copyHardwareToSoftware  uart.o
    0x00003194   0x0000002c   Code   RO          698    i.copySoftwareToHardware  uart.o
    0x000031c0   0x00000048   Code   RO           72    i.fillmessage       st7735.o
    0x00003208   0x00000098   Code   RO          926    i.main              user.o
    0x000032a0   0x0000001a   Code   RO          391    i.popBlockList      os.o
    0x000032ba   0x00000012   Code   RO           73    i.pushColor         st7735.o
    0x000032cc   0x00000058   Code   RO          392    i.removeFromRunList  os.o
    0x00003324   0x0000005c   Code   RO          393    i.removeFromSleepList  os.o
    0x00003380   0x00000074   Code   RO           74    i.setAddrWindow     st7735.o
    0x000033f4   0x00000012   Code   RO          394    i.wakeupSleepList   os.o
    0x00003406   0x00000002   PAD
    0x00003408   0x00000030   Code   RO           75    i.writecommand      st7735.o
    0x00003438   0x00000020   Code   RO           76    i.writedata         st7735.o
    0x00003458   0x000007e2   Data   RO           78    .constdata          st7735.o
    0x00003c3a   0x00000002   PAD
    0x00003c3c   0x00000020   Data   RO         1237    Region$$Table       anon$$obj.o


    Execution Region ER_RW (Base: 0x20000000, Size: 0x00000148, Max: 0xffffffff, ABSOLUTE, COMPRESSED[0x0000000c])

    Base Addr    Size         Type   Attr      Idx    E Section Name        Object

    0x20000000   0x0000002c   Data   RW           79    .data               st7735.o
    0x2000002c   0x0000008c   Data   RW          397    .data               os.o
    0x200000b8   0x00000010   Data   RW          703    .data               uart.o
    0x200000c8   0x00000004   Data   RW          832    .data               adc.o
    0x200000cc   0x0000007c   Data   RW          928    .data               user.o


    Execution Region ER_ZI (Base: 0x20000148, Size: 0x00004088, Max: 0xffffffff, ABSOLUTE)

    Base Addr    Size         Type   Attr      Idx    E Section Name        Object

    0x20000148   0x00000018   Zero   RW           77    .bss                st7735.o
    0x20000160   0x00003984   Zero   RW          395    .bss                os.o
    0x20003ae4   0x00000080   Zero   RW          702    .bss                uart.o
    0x20003b64   0x00000268   Zero   RW          927    .bss                user.o
    0x20003dcc   0x00000004   PAD
    0x20003dd0   0x00000400   Zero   RW            1    STACK               startup.o


==============================================================================

Image component sizes


      Code (inc. data)   RO Data    RW Data    ZI Data      Debug   Object Name

      2140        168          0          4          0       3864   adc.o
       718        240          0          0          0        228   cr4_fft_64_stm32.o
      4154        570          0        140      14724      25113   os.o
       136          4          0          0          0        212   osasm.o
        72          8          0          0          0        192   pid_stm32.o
       124          6          0          0          0       4615   pll.o
      2118        250       2018         44         24      14128   st7735.o
       720        622          0          0       1024        884   startup.o
       968        148          0         16        128       8553   uart.o
      2044        532          0        124        616      10659   user.o

    ----------------------------------------------------------------------
     13210       2550       2052        328      16520      68448   Object Totals
         0          0         32          0          0          0   (incl. Generated)
        16          2          2          0          4          0   (incl. Padding)

    ----------------------------------------------------------------------

      Code (inc. data)   RO Data    RW Data    ZI Data      Debug   Library Member Name

        58          0          0          0          0          0   __dczerorl.o
         0          0          0          0          0          0   entry.o
         0          0          0          0          0          0   entry10a.o
         0          0          0          0          0          0   entry11a.o
         8          4          0          0          0          0   entry2.o
         4          0          0          0          0          0   entry5.o
         0          0          0          0          0          0   entry7b.o
         0          0          0          0          0          0   entry8b.o
         8          4          0          0          0          0   entry9a.o
        30          0          0          0          0          0   handlers.o
        36          8          0          0          0         68   init.o
        14          0          0          0          0         68   strlen.o
        30          0          0          0          0         80   strncmp.o

    ----------------------------------------------------------------------
       190         16          0          0          0        216   Library Totals
         2          0          0          0          0          0   (incl. Padding)

    ----------------------------------------------------------------------

      Code (inc. data)   RO Data    RW Data    ZI Data      Debug   Library Name

       188         16          0          0          0        216   mc_w.l

    ----------------------------------------------------------------------
       190         16          0          0          0        216   Library Totals

    ----------------------------------------------------------------------

==============================================================================


      Code (inc. data)   RO Data    RW Data    ZI Data      Debug   

     13400       2566       2052        328      16520      63308   Grand Totals
     13400       2566       2052         12      16520      63308   ELF Image Totals (compressed)
     13400       2566       2052         12          0          0   ROM Totals

==============================================================================

    Total RO  Size (Code + RO Data)                15452 (  15.09kB)
    Total RW  Size (RW Data + ZI Data)             16848 (  16.45kB)
    Total ROM Size (Code + RO Data + RW Data)      15464 (  15.10kB)

==============================================================================

