<html>
<body>
<pre>
<h1>µVision Build Log</h1>
<h2>Project:</h2>
C:\Users\yuxin\Desktop\lab3\ST7735_4C123\ST7735.uvproj
Project File Date:  02/20/2018

<h2>Output:</h2>
Build target 'ST7735'
compiling user.c...
linking...
Program Size: Code=13400 RO-data=2052 RW-data=328 ZI-data=16520  
".\ST7735.axf" - 0 Error(s), 0 Warning(s).
Load "C:\\Users\\yuxin\\Desktop\\lab3\\ST7735_4C123\\ST7735.axf" 
Connecting: Mode=JTAG, Speed=1000000Hz
Erase Done.
Programming Done.
Verify OK.
</pre>
</body>
</html>
ST7735.axf" - 0 Error(s), 2 Warning(s).
Load "C:\\Users\\yuxin\\Desktop\\lab3\\ST7735_4C123\\ST7735.axf" 
Connecting: Mode=JTAG, Speed=1000000Hz
Erase Done.
Programming Done.
Verify OK.
