ARM Linker, 5.03 [Build 76] [MDK-ARM Standard]

==============================================================================

Section Cross References

    startup.o(RESET) refers to startup.o(STACK) for StackMem
    startup.o(RESET) refers to uart.o(i.UART0_Handler) for UART0_Handler
    startup.o(RESET) refers to adc.o(i.ADC0Seq3_Handler) for ADC0Seq3_Handler
    startup.o(RESET) refers to os.o(i.Timer4A_Handler) for Timer4A_Handler
    startup.o(RESET) refers to entry.o(.ARM.Collect$$$$00000000) for __main
    st7735.o(i.Output_Clear) refers to st7735.o(i.ST7735_FillScreen) for ST7735_FillScreen
    st7735.o(i.Output_Color) refers to st7735.o(i.ST7735_SetTextColor) for ST7735_SetTextColor
    st7735.o(i.Output_Init) refers to st7735.o(i.ST7735_InitR) for ST7735_InitR
    st7735.o(i.Output_Init) refers to st7735.o(i.ST7735_FillScreen) for ST7735_FillScreen
    st7735.o(i.Output_Off) refers to st7735.o(i.Output_Clear) for Output_Clear
    st7735.o(i.Output_On) refers to st7735.o(i.Output_Init) for Output_Init
    st7735.o(i.ST7735_DrawBitmap) refers to st7735.o(i.setAddrWindow) for setAddrWindow
    st7735.o(i.ST7735_DrawBitmap) refers to st7735.o(i.writedata) for writedata
    st7735.o(i.ST7735_DrawBitmap) refers to st7735.o(.data) for _width
    st7735.o(i.ST7735_DrawChar) refers to st7735.o(i.setAddrWindow) for setAddrWindow
    st7735.o(i.ST7735_DrawChar) refers to st7735.o(i.pushColor) for pushColor
    st7735.o(i.ST7735_DrawChar) refers to st7735.o(.data) for _width
    st7735.o(i.ST7735_DrawChar) refers to st7735.o(.constdata) for Font
    st7735.o(i.ST7735_DrawCharS) refers to st7735.o(i.ST7735_DrawPixel) for ST7735_DrawPixel
    st7735.o(i.ST7735_DrawCharS) refers to st7735.o(i.ST7735_FillRect) for ST7735_FillRect
    st7735.o(i.ST7735_DrawCharS) refers to st7735.o(.data) for _width
    st7735.o(i.ST7735_DrawCharS) refers to st7735.o(.constdata) for Font
    st7735.o(i.ST7735_DrawFastHLine) refers to st7735.o(i.setAddrWindow) for setAddrWindow
    st7735.o(i.ST7735_DrawFastHLine) refers to st7735.o(i.writedata) for writedata
    st7735.o(i.ST7735_DrawFastHLine) refers to st7735.o(.data) for _width
    st7735.o(i.ST7735_DrawFastVLine) refers to st7735.o(i.setAddrWindow) for setAddrWindow
    st7735.o(i.ST7735_DrawFastVLine) refers to st7735.o(i.writedata) for writedata
    st7735.o(i.ST7735_DrawFastVLine) refers to st7735.o(.data) for _width
    st7735.o(i.ST7735_DrawPixel) refers to st7735.o(i.setAddrWindow) for setAddrWindow
    st7735.o(i.ST7735_DrawPixel) refers to st7735.o(i.pushColor) for pushColor
    st7735.o(i.ST7735_DrawPixel) refers to st7735.o(.data) for _width
    st7735.o(i.ST7735_DrawString) refers to st7735.o(i.ST7735_DrawCharS) for ST7735_DrawCharS
    st7735.o(i.ST7735_FillRect) refers to st7735.o(i.setAddrWindow) for setAddrWindow
    st7735.o(i.ST7735_FillRect) refers to st7735.o(i.writedata) for writedata
    st7735.o(i.ST7735_FillRect) refers to st7735.o(.data) for _width
    st7735.o(i.ST7735_FillScreen) refers to st7735.o(i.ST7735_FillRect) for ST7735_FillRect
    st7735.o(i.ST7735_FillScreen) refers to st7735.o(.data) for _height
    st7735.o(i.ST7735_InitB) refers to st7735.o(i.commonInit) for commonInit
    st7735.o(i.ST7735_InitB) refers to st7735.o(i.ST7735_SetCursor) for ST7735_SetCursor
    st7735.o(i.ST7735_InitB) refers to st7735.o(i.ST7735_FillScreen) for ST7735_FillScreen
    st7735.o(i.ST7735_InitB) refers to st7735.o(.constdata) for Bcmd
    st7735.o(i.ST7735_InitB) refers to st7735.o(.data) for StTextColor
    st7735.o(i.ST7735_InitR) refers to st7735.o(i.commonInit) for commonInit
    st7735.o(i.ST7735_InitR) refers to st7735.o(i.commandList) for commandList
    st7735.o(i.ST7735_InitR) refers to st7735.o(i.writecommand) for writecommand
    st7735.o(i.ST7735_InitR) refers to st7735.o(i.writedata) for writedata
    st7735.o(i.ST7735_InitR) refers to st7735.o(i.ST7735_SetCursor) for ST7735_SetCursor
    st7735.o(i.ST7735_InitR) refers to st7735.o(i.ST7735_FillScreen) for ST7735_FillScreen
    st7735.o(i.ST7735_InitR) refers to st7735.o(.constdata) for Rcmd1
    st7735.o(i.ST7735_InitR) refers to st7735.o(.data) for ColStart
    st7735.o(i.ST7735_InvertDisplay) refers to st7735.o(i.writecommand) for writecommand
    st7735.o(i.ST7735_Message) refers to st7735.o(i.ST7735_OutString) for ST7735_OutString
    st7735.o(i.ST7735_Message) refers to st7735.o(i.ST7735_DrawString) for ST7735_DrawString
    st7735.o(i.ST7735_Message) refers to strlen.o(.text) for strlen
    st7735.o(i.ST7735_Message) refers to st7735.o(i.fillmessage) for fillmessage
    st7735.o(i.ST7735_Message) refers to st7735.o(i.ST7735_DrawCharS) for ST7735_DrawCharS
    st7735.o(i.ST7735_Message) refers to st7735.o(.data) for StY
    st7735.o(i.ST7735_Message) refers to st7735.o(.bss) for Message
    st7735.o(i.ST7735_OutChar) refers to st7735.o(i.ST7735_DrawString) for ST7735_DrawString
    st7735.o(i.ST7735_OutChar) refers to st7735.o(i.ST7735_DrawCharS) for ST7735_DrawCharS
    st7735.o(i.ST7735_OutChar) refers to st7735.o(.data) for StY
    st7735.o(i.ST7735_OutString) refers to st7735.o(i.ST7735_OutChar) for ST7735_OutChar
    st7735.o(i.ST7735_OutUDec) refers to st7735.o(i.fillmessage) for fillmessage
    st7735.o(i.ST7735_OutUDec) refers to st7735.o(i.ST7735_DrawString) for ST7735_DrawString
    st7735.o(i.ST7735_OutUDec) refers to st7735.o(i.ST7735_DrawCharS) for ST7735_DrawCharS
    st7735.o(i.ST7735_OutUDec) refers to st7735.o(.data) for Messageindex
    st7735.o(i.ST7735_OutUDec) refers to st7735.o(.bss) for Message
    st7735.o(i.ST7735_PlotBar) refers to st7735.o(i.ST7735_DrawFastVLine) for ST7735_DrawFastVLine
    st7735.o(i.ST7735_PlotBar) refers to st7735.o(.data) for Ymin
    st7735.o(i.ST7735_PlotClear) refers to st7735.o(i.ST7735_Color565) for ST7735_Color565
    st7735.o(i.ST7735_PlotClear) refers to st7735.o(i.ST7735_FillRect) for ST7735_FillRect
    st7735.o(i.ST7735_PlotClear) refers to st7735.o(.data) for Ymax
    st7735.o(i.ST7735_PlotLine) refers to st7735.o(i.ST7735_DrawPixel) for ST7735_DrawPixel
    st7735.o(i.ST7735_PlotLine) refers to st7735.o(.data) for Ymin
    st7735.o(i.ST7735_PlotNext) refers to st7735.o(.data) for X
    st7735.o(i.ST7735_PlotNextErase) refers to st7735.o(i.ST7735_Color565) for ST7735_Color565
    st7735.o(i.ST7735_PlotNextErase) refers to st7735.o(i.ST7735_DrawFastVLine) for ST7735_DrawFastVLine
    st7735.o(i.ST7735_PlotNextErase) refers to st7735.o(.data) for X
    st7735.o(i.ST7735_PlotPoint) refers to st7735.o(i.ST7735_DrawPixel) for ST7735_DrawPixel
    st7735.o(i.ST7735_PlotPoint) refers to st7735.o(.data) for Ymin
    st7735.o(i.ST7735_PlotPoints) refers to st7735.o(i.ST7735_DrawPixel) for ST7735_DrawPixel
    st7735.o(i.ST7735_PlotPoints) refers to st7735.o(.data) for Ymin
    st7735.o(i.ST7735_PlotdBfs) refers to st7735.o(i.ST7735_DrawFastVLine) for ST7735_DrawFastVLine
    st7735.o(i.ST7735_PlotdBfs) refers to st7735.o(.constdata) for dBfs
    st7735.o(i.ST7735_PlotdBfs) refers to st7735.o(.data) for X
    st7735.o(i.ST7735_SetCursor) refers to st7735.o(.data) for StX
    st7735.o(i.ST7735_SetRotation) refers to st7735.o(i.writecommand) for writecommand
    st7735.o(i.ST7735_SetRotation) refers to st7735.o(i.writedata) for writedata
    st7735.o(i.ST7735_SetRotation) refers to st7735.o(.data) for Rotation
    st7735.o(i.ST7735_SetTextColor) refers to st7735.o(.data) for StTextColor
    st7735.o(i.commandList) refers to st7735.o(i.writecommand) for writecommand
    st7735.o(i.commandList) refers to st7735.o(i.writedata) for writedata
    st7735.o(i.commandList) refers to st7735.o(i.Delay1ms) for Delay1ms
    st7735.o(i.commonInit) refers to st7735.o(i.Delay1ms) for Delay1ms
    st7735.o(i.commonInit) refers to st7735.o(i.commandList) for commandList
    st7735.o(i.commonInit) refers to st7735.o(.data) for RowStart
    st7735.o(i.fillmessage) refers to st7735.o(.bss) for Message
    st7735.o(i.fillmessage) refers to st7735.o(.data) for Messageindex
    st7735.o(i.pushColor) refers to st7735.o(i.writedata) for writedata
    st7735.o(i.setAddrWindow) refers to st7735.o(i.writecommand) for writecommand
    st7735.o(i.setAddrWindow) refers to st7735.o(i.writedata) for writedata
    st7735.o(i.setAddrWindow) refers to st7735.o(.data) for ColStart
    st7735testmain.o(i.OutCRLF) refers to uart.o(i.UART_OutChar) for UART_OutChar
    st7735testmain.o(i.UART_Parse_String) refers to uart.o(i.UART_InChar) for UART_InChar
    st7735testmain.o(i.UART_Parse_String) refers to strcmp.o(.text) for strcmp
    st7735testmain.o(i.UART_Parse_String) refers to st7735.o(i.ST7735_Message) for ST7735_Message
    st7735testmain.o(i.UART_Parse_String) refers to st7735testmain.o(.data) for parse_buf
    st7735testmain.o(i.UserTask) refers to st7735testmain.o(.data) for i
    st7735testmain.o(i.main) refers to pll.o(i.PLL_Init) for PLL_Init
    st7735testmain.o(i.main) refers to startup.o(.text) for DisableInterrupts
    st7735testmain.o(i.main) refers to st7735.o(i.ST7735_InitR) for ST7735_InitR
    st7735testmain.o(i.main) refers to uart.o(i.UART_Init) for UART_Init
    st7735testmain.o(i.main) refers to st7735.o(i.ST7735_Message) for ST7735_Message
    st7735testmain.o(i.main) refers to adc.o(i.ADC_Start_Collect) for ADC_Start_Collect
    st7735testmain.o(i.main) refers to os.o(i.OS_AddPeriodicThread) for OS_AddPeriodicThread
    st7735testmain.o(i.main) refers to st7735testmain.o(i.UART_Parse_String) for UART_Parse_String
    st7735testmain.o(i.main) refers to st7735testmain.o(i.UserTask) for UserTask
    os.o(i.OS_AddPeriodicThread) refers to os.o(.data) for PeriodicTask
    os.o(i.OS_ClearTimePeriod) refers to os.o(.data) for counter
    os.o(i.OS_ReadPeriodTime) refers to os.o(.data) for counter
    os.o(i.Timer4A_Handler) refers to os.o(.data) for PeriodicTask
    uart.o(i.RxFifo_Get) refers to uart.o(.data) for RxPutI
    uart.o(i.RxFifo_Get) refers to uart.o(.bss) for RxFifo
    uart.o(i.RxFifo_Init) refers to startup.o(.text) for StartCritical
    uart.o(i.RxFifo_Init) refers to uart.o(.data) for RxGetI
    uart.o(i.RxFifo_Put) refers to uart.o(.data) for RxPutI
    uart.o(i.RxFifo_Put) refers to uart.o(.bss) for RxFifo
    uart.o(i.RxFifo_Size) refers to uart.o(.data) for RxPutI
    uart.o(i.TxFifo_Get) refers to uart.o(.data) for TxPutI
    uart.o(i.TxFifo_Get) refers to uart.o(.bss) for TxFifo
    uart.o(i.TxFifo_Init) refers to startup.o(.text) for StartCritical
    uart.o(i.TxFifo_Init) refers to uart.o(.data) for TxGetI
    uart.o(i.TxFifo_Put) refers to uart.o(.data) for TxPutI
    uart.o(i.TxFifo_Put) refers to uart.o(.bss) for TxFifo
    uart.o(i.TxFifo_Size) refers to uart.o(.data) for TxPutI
    uart.o(i.UART0_Handler) refers to uart.o(i.copySoftwareToHardware) for copySoftwareToHardware
    uart.o(i.UART0_Handler) refers to uart.o(i.copyHardwareToSoftware) for copyHardwareToSoftware
    uart.o(i.UART_InChar) refers to uart.o(i.RxFifo_Get) for RxFifo_Get
    uart.o(i.UART_InString) refers to uart.o(i.UART_InChar) for UART_InChar
    uart.o(i.UART_InString) refers to uart.o(i.UART_OutChar) for UART_OutChar
    uart.o(i.UART_InUDec) refers to uart.o(i.UART_InChar) for UART_InChar
    uart.o(i.UART_InUDec) refers to uart.o(i.UART_OutChar) for UART_OutChar
    uart.o(i.UART_InUHex) refers to uart.o(i.UART_InChar) for UART_InChar
    uart.o(i.UART_InUHex) refers to uart.o(i.UART_OutChar) for UART_OutChar
    uart.o(i.UART_Init) refers to uart.o(i.RxFifo_Init) for RxFifo_Init
    uart.o(i.UART_Init) refers to uart.o(i.TxFifo_Init) for TxFifo_Init
    uart.o(i.UART_Init) refers to startup.o(.text) for EnableInterrupts
    uart.o(i.UART_OutChar) refers to uart.o(i.TxFifo_Put) for TxFifo_Put
    uart.o(i.UART_OutChar) refers to uart.o(i.copySoftwareToHardware) for copySoftwareToHardware
    uart.o(i.UART_OutString) refers to uart.o(i.UART_OutChar) for UART_OutChar
    uart.o(i.UART_OutUDec) refers to uart.o(i.UART_OutChar) for UART_OutChar
    uart.o(i.UART_OutUHex) refers to uart.o(i.UART_OutChar) for UART_OutChar
    uart.o(i.copyHardwareToSoftware) refers to uart.o(i.RxFifo_Put) for RxFifo_Put
    uart.o(i.copyHardwareToSoftware) refers to uart.o(i.RxFifo_Size) for RxFifo_Size
    uart.o(i.copySoftwareToHardware) refers to uart.o(i.TxFifo_Get) for TxFifo_Get
    uart.o(i.copySoftwareToHardware) refers to uart.o(i.TxFifo_Size) for TxFifo_Size
    uart.o(i.fgetc) refers to uart.o(i.UART_InChar) for UART_InChar
    uart.o(i.fputc) refers to uart.o(i.UART_OutChar) for UART_OutChar
    adc.o(i.ADC0Seq3_Handler) refers to st7735.o(i.ST7735_Message) for ST7735_Message
    adc.o(i.ADC0Seq3_Handler) refers to adc.o(i.ADC_Status) for ADC_Status
    adc.o(i.ADC0Seq3_Handler) refers to adc.o(i.ADCFifo_Put) for ADCFifo_Put
    adc.o(i.ADCFifo_Get) refers to adc.o(.data) for ADCPutI
    adc.o(i.ADCFifo_Get) refers to adc.o(.bss) for ADCFifo
    adc.o(i.ADCFifo_Init) refers to startup.o(.text) for StartCritical
    adc.o(i.ADCFifo_Init) refers to adc.o(.data) for ADCGetI
    adc.o(i.ADCFifo_Put) refers to adc.o(.data) for ADCPutI
    adc.o(i.ADCFifo_Put) refers to adc.o(.bss) for ADCFifo
    adc.o(i.ADCFifo_Size) refers to adc.o(.data) for ADCPutI
    adc.o(i.ADC_Start_Collect) refers to startup.o(.text) for DisableInterrupts
    adc.o(i.ADC_Start_Collect) refers to adc.o(.data) for g_numberOfSamples
    adc.o(i.ADC_Start_Collect) refers to memseta.o(.text) for __aeabi_memclr4
    adc.o(i.ADC_Start_Collect) refers to adc.o(.bss) for ADCFifo
    adc.o(i.ADC_Status) refers to adc.o(i.ADCFifo_Size) for ADCFifo_Size
    adc.o(i.ADC_Status) refers to adc.o(.data) for g_numberOfSamples
    entry.o(.ARM.Collect$$$$00000000) refers (Special) to entry10a.o(.ARM.Collect$$$$0000000D) for __rt_final_cpp
    entry.o(.ARM.Collect$$$$00000000) refers (Special) to entry11a.o(.ARM.Collect$$$$0000000F) for __rt_final_exit
    entry.o(.ARM.Collect$$$$00000000) refers (Special) to entry7b.o(.ARM.Collect$$$$00000008) for _main_clock
    entry.o(.ARM.Collect$$$$00000000) refers (Special) to entry8b.o(.ARM.Collect$$$$0000000A) for _main_cpp_init
    entry.o(.ARM.Collect$$$$00000000) refers (Special) to entry9a.o(.ARM.Collect$$$$0000000B) for _main_init
    entry.o(.ARM.Collect$$$$00000000) refers (Special) to entry5.o(.ARM.Collect$$$$00000004) for _main_scatterload
    entry.o(.ARM.Collect$$$$00000000) refers (Special) to entry2.o(.ARM.Collect$$$$00000001) for _main_stk
    entry2.o(.ARM.Collect$$$$00000001) refers to entry2.o(.ARM.Collect$$$$00002712) for __lit__00000000
    entry2.o(.ARM.Collect$$$$00002712) refers to startup.o(STACK) for __initial_sp
    entry2.o(__vectab_stack_and_reset_area) refers to startup.o(STACK) for __initial_sp
    entry2.o(__vectab_stack_and_reset_area) refers to entry.o(.ARM.Collect$$$$00000000) for __main
    entry5.o(.ARM.Collect$$$$00000004) refers to init.o(.text) for __scatterload
    entry9a.o(.ARM.Collect$$$$0000000B) refers to st7735testmain.o(i.main) for main
    entry9b.o(.ARM.Collect$$$$0000000C) refers to st7735testmain.o(i.main) for main
    init.o(.text) refers to entry5.o(.ARM.Collect$$$$00000004) for __main_after_scatterload


==============================================================================

Removing Unused input sections from the image.

    Removing startup.o(HEAP), (0 bytes).
    Removing st7735.o(i.Output_Clear), (10 bytes).
    Removing st7735.o(i.Output_Color), (12 bytes).
    Removing st7735.o(i.Output_Init), (16 bytes).
    Removing st7735.o(i.Output_Off), (8 bytes).
    Removing st7735.o(i.Output_On), (8 bytes).
    Removing st7735.o(i.ST7735_Color565), (24 bytes).
    Removing st7735.o(i.ST7735_DrawBitmap), (288 bytes).
    Removing st7735.o(i.ST7735_DrawChar), (268 bytes).
    Removing st7735.o(i.ST7735_DrawFastHLine), (124 bytes).
    Removing st7735.o(i.ST7735_DrawFastVLine), (124 bytes).
    Removing st7735.o(i.ST7735_InitB), (40 bytes).
    Removing st7735.o(i.ST7735_InvertDisplay), (22 bytes).
    Removing st7735.o(i.ST7735_OutUDec), (140 bytes).
    Removing st7735.o(i.ST7735_PlotBar), (88 bytes).
    Removing st7735.o(i.ST7735_PlotClear), (92 bytes).
    Removing st7735.o(i.ST7735_PlotLine), (264 bytes).
    Removing st7735.o(i.ST7735_PlotNext), (32 bytes).
    Removing st7735.o(i.ST7735_PlotNextErase), (64 bytes).
    Removing st7735.o(i.ST7735_PlotPoint), (152 bytes).
    Removing st7735.o(i.ST7735_PlotPoints), (172 bytes).
    Removing st7735.o(i.ST7735_PlotdBfs), (60 bytes).
    Removing st7735.o(i.ST7735_SetRotation), (212 bytes).
    Removing st7735.o(i.ST7735_SetTextColor), (12 bytes).
    Removing st7735.o(i.ST7735_SwapColor), (18 bytes).
    Removing st7735testmain.o(i.OutCRLF), (16 bytes).
    Removing st7735testmain.o(.bss), (200 bytes).
    Removing st7735testmain.o(.constdata), (32 bytes).
    Removing os.o(i.OS_ClearTimePeriod), (12 bytes).
    Removing os.o(i.OS_ReadPeriodTime), (12 bytes).
    Removing os.o(i.dummy), (2 bytes).
    Removing uart.o(i.TxFifo_Put), (60 bytes).
    Removing uart.o(i.UART_InString), (70 bytes).
    Removing uart.o(i.UART_InUDec), (76 bytes).
    Removing uart.o(i.UART_InUHex), (108 bytes).
    Removing uart.o(i.UART_OutChar), (52 bytes).
    Removing uart.o(i.UART_OutString), (24 bytes).
    Removing uart.o(i.UART_OutUDec), (42 bytes).
    Removing uart.o(i.UART_OutUHex), (52 bytes).
    Removing uart.o(i.ferror), (8 bytes).
    Removing uart.o(i.fgetc), (10 bytes).
    Removing uart.o(i.fputc), (16 bytes).
    Removing adc.o(i.ADCFifo_Get), (60 bytes).
    Removing adc.o(i.ADCFifo_Init), (36 bytes).

44 unused section(s) (total 3138 bytes) removed from the image.

==============================================================================

Image Symbol Table

    Local Symbols

    Symbol Name                              Value     Ov Type        Size  Object(Section)

    RESET                                    0x00000000   Section      644  startup.o(RESET)
    ../clib/microlib/init/entry.s            0x00000000   Number         0  entry8b.o ABSOLUTE
    ../clib/microlib/init/entry.s            0x00000000   Number         0  entry8a.o ABSOLUTE
    ../clib/microlib/init/entry.s            0x00000000   Number         0  entry5.o ABSOLUTE
    ../clib/microlib/init/entry.s            0x00000000   Number         0  entry7a.o ABSOLUTE
    ../clib/microlib/init/entry.s            0x00000000   Number         0  entry7b.o ABSOLUTE
    ../clib/microlib/init/entry.s            0x00000000   Number         0  entry.o ABSOLUTE
    ../clib/microlib/init/entry.s            0x00000000   Number         0  entry11b.o ABSOLUTE
    ../clib/microlib/init/entry.s            0x00000000   Number         0  entry11a.o ABSOLUTE
    ../clib/microlib/init/entry.s            0x00000000   Number         0  entry10b.o ABSOLUTE
    ../clib/microlib/init/entry.s            0x00000000   Number         0  entry10a.o ABSOLUTE
    ../clib/microlib/init/entry.s            0x00000000   Number         0  entry9b.o ABSOLUTE
    ../clib/microlib/init/entry.s            0x00000000   Number         0  entry2.o ABSOLUTE
    ../clib/microlib/init/entry.s            0x00000000   Number         0  entry9a.o ABSOLUTE
    ../clib/microlib/string/memset.c         0x00000000   Number         0  memseta.o ABSOLUTE
    ../clib/microlib/string/strcmp.c         0x00000000   Number         0  strcmp.o ABSOLUTE
    ../clib/microlib/string/strlen.c         0x00000000   Number         0  strlen.o ABSOLUTE
    ADC.c                                    0x00000000   Number         0  adc.o ABSOLUTE
    OS.c                                     0x00000000   Number         0  os.o ABSOLUTE
    PLL.c                                    0x00000000   Number         0  pll.o ABSOLUTE
    ST7735.c                                 0x00000000   Number         0  st7735.o ABSOLUTE
    ST7735TestMain.c                         0x00000000   Number         0  st7735testmain.o ABSOLUTE
    UART.c                                   0x00000000   Number         0  uart.o ABSOLUTE
    dc.s                                     0x00000000   Number         0  dc.o ABSOLUTE
    handlers.s                               0x00000000   Number         0  handlers.o ABSOLUTE
    init.s                                   0x00000000   Number         0  init.o ABSOLUTE
    startup.s                                0x00000000   Number         0  startup.o ABSOLUTE
    .ARM.Collect$$$$00000000                 0x00000284   Section        0  entry.o(.ARM.Collect$$$$00000000)
    .ARM.Collect$$$$00000001                 0x00000284   Section        4  entry2.o(.ARM.Collect$$$$00000001)
    .ARM.Collect$$$$00000004                 0x00000288   Section        4  entry5.o(.ARM.Collect$$$$00000004)
    .ARM.Collect$$$$00000008                 0x0000028c   Section        0  entry7b.o(.ARM.Collect$$$$00000008)
    .ARM.Collect$$$$0000000A                 0x0000028c   Section        0  entry8b.o(.ARM.Collect$$$$0000000A)
    .ARM.Collect$$$$0000000B                 0x0000028c   Section        8  entry9a.o(.ARM.Collect$$$$0000000B)
    .ARM.Collect$$$$0000000D                 0x00000294   Section        0  entry10a.o(.ARM.Collect$$$$0000000D)
    .ARM.Collect$$$$0000000F                 0x00000294   Section        0  entry11a.o(.ARM.Collect$$$$0000000F)
    .ARM.Collect$$$$00002712                 0x00000294   Section        4  entry2.o(.ARM.Collect$$$$00002712)
    __lit__00000000                          0x00000294   Data           4  entry2.o(.ARM.Collect$$$$00002712)
    .text                                    0x00000298   Section       28  startup.o(.text)
    .text                                    0x000002b4   Section        0  memseta.o(.text)
    .text                                    0x000002d8   Section        0  strlen.o(.text)
    .text                                    0x000002e6   Section        0  strcmp.o(.text)
    .text                                    0x00000304   Section       36  init.o(.text)
    i.ADC0Seq3_Handler                       0x00000328   Section        0  adc.o(i.ADC0Seq3_Handler)
    i.ADCFifo_Put                            0x00000384   Section        0  adc.o(i.ADCFifo_Put)
    i.ADCFifo_Size                           0x000003c0   Section        0  adc.o(i.ADCFifo_Size)
    i.ADC_Start_Collect                      0x000003d8   Section        0  adc.o(i.ADC_Start_Collect)
    i.ADC_Status                             0x00000834   Section        0  adc.o(i.ADC_Status)
    i.Delay1ms                               0x00000850   Section        0  st7735.o(i.Delay1ms)
    i.OS_AddPeriodicThread                   0x00000870   Section        0  os.o(i.OS_AddPeriodicThread)
    i.PLL_Init                               0x000008d8   Section        0  pll.o(i.PLL_Init)
    i.RxFifo_Get                             0x00000954   Section        0  uart.o(i.RxFifo_Get)
    i.RxFifo_Init                            0x00000990   Section        0  uart.o(i.RxFifo_Init)
    i.RxFifo_Put                             0x000009b4   Section        0  uart.o(i.RxFifo_Put)
    i.RxFifo_Size                            0x000009f0   Section        0  uart.o(i.RxFifo_Size)
    i.ST7735_DrawCharS                       0x00000a08   Section        0  st7735.o(i.ST7735_DrawCharS)
    i.ST7735_DrawPixel                       0x00000afc   Section        0  st7735.o(i.ST7735_DrawPixel)
    i.ST7735_DrawString                      0x00000b44   Section        0  st7735.o(i.ST7735_DrawString)
    i.ST7735_FillRect                        0x00000b9c   Section        0  st7735.o(i.ST7735_FillRect)
    i.ST7735_FillScreen                      0x00000c48   Section        0  st7735.o(i.ST7735_FillScreen)
    i.ST7735_InitR                           0x00000c6c   Section        0  st7735.o(i.ST7735_InitR)
    i.ST7735_Message                         0x00000ce8   Section        0  st7735.o(i.ST7735_Message)
    i.ST7735_OutChar                         0x00000de4   Section        0  st7735.o(i.ST7735_OutChar)
    i.ST7735_OutString                       0x00000eb8   Section        0  st7735.o(i.ST7735_OutString)
    i.ST7735_SetCursor                       0x00000ed0   Section        0  st7735.o(i.ST7735_SetCursor)
    i.Timer4A_Handler                        0x00000ef0   Section        0  os.o(i.Timer4A_Handler)
    i.TxFifo_Get                             0x00000f08   Section        0  uart.o(i.TxFifo_Get)
    i.TxFifo_Init                            0x00000f44   Section        0  uart.o(i.TxFifo_Init)
    i.TxFifo_Size                            0x00000f68   Section        0  uart.o(i.TxFifo_Size)
    i.UART0_Handler                          0x00000f80   Section        0  uart.o(i.UART0_Handler)
    i.UART_InChar                            0x00000fc4   Section        0  uart.o(i.UART_InChar)
    i.UART_Init                              0x00000fd8   Section        0  uart.o(i.UART_Init)
    i.UART_Parse_String                      0x000010a4   Section        0  st7735testmain.o(i.UART_Parse_String)
    i.UserTask                               0x0000112c   Section        0  st7735testmain.o(i.UserTask)
    i.__scatterload_copy                     0x0000114c   Section       14  handlers.o(i.__scatterload_copy)
    i.__scatterload_null                     0x0000115a   Section        2  handlers.o(i.__scatterload_null)
    i.__scatterload_zeroinit                 0x0000115c   Section       14  handlers.o(i.__scatterload_zeroinit)
    i.commandList                            0x0000116a   Section        0  st7735.o(i.commandList)
    commandList                              0x0000116b   Thumb Code    86  st7735.o(i.commandList)
    i.commonInit                             0x000011c0   Section        0  st7735.o(i.commonInit)
    commonInit                               0x000011c1   Thumb Code   340  st7735.o(i.commonInit)
    i.copyHardwareToSoftware                 0x00001344   Section        0  uart.o(i.copyHardwareToSoftware)
    copyHardwareToSoftware                   0x00001345   Thumb Code    36  uart.o(i.copyHardwareToSoftware)
    i.copySoftwareToHardware                 0x0000136c   Section        0  uart.o(i.copySoftwareToHardware)
    copySoftwareToHardware                   0x0000136d   Thumb Code    38  uart.o(i.copySoftwareToHardware)
    i.fillmessage                            0x00001398   Section        0  st7735.o(i.fillmessage)
    i.main                                   0x000013e0   Section        0  st7735testmain.o(i.main)
    i.pushColor                              0x000014a8   Section        0  st7735.o(i.pushColor)
    pushColor                                0x000014a9   Thumb Code    18  st7735.o(i.pushColor)
    i.setAddrWindow                          0x000014bc   Section        0  st7735.o(i.setAddrWindow)
    setAddrWindow                            0x000014bd   Thumb Code   106  st7735.o(i.setAddrWindow)
    i.writecommand                           0x00001530   Section        0  st7735.o(i.writecommand)
    writecommand                             0x00001531   Thumb Code    40  st7735.o(i.writecommand)
    i.writedata                              0x00001560   Section        0  st7735.o(i.writedata)
    writedata                                0x00001561   Thumb Code    24  st7735.o(i.writedata)
    .constdata                               0x00001580   Section     2018  st7735.o(.constdata)
    Font                                     0x00001580   Data        1275  st7735.o(.constdata)
    Bcmd                                     0x00001a7b   Data         103  st7735.o(.constdata)
    Rcmd1                                    0x00001ae2   Data          59  st7735.o(.constdata)
    Rcmd2green                               0x00001b1d   Data          13  st7735.o(.constdata)
    Rcmd2red                                 0x00001b2a   Data          13  st7735.o(.constdata)
    Rcmd3                                    0x00001b37   Data          43  st7735.o(.constdata)
    .data                                    0x20000000   Section       44  st7735.o(.data)
    _width                                   0x2000000a   Data           2  st7735.o(.data)
    _height                                  0x2000000c   Data           2  st7735.o(.data)
    ColStart                                 0x20000014   Data           1  st7735.o(.data)
    RowStart                                 0x20000015   Data           1  st7735.o(.data)
    Rotation                                 0x20000016   Data           1  st7735.o(.data)
    TabColor                                 0x20000017   Data           1  st7735.o(.data)
    .data                                    0x2000002c   Section        7  st7735testmain.o(.data)
    i                                        0x2000002c   Data           4  st7735testmain.o(.data)
    .data                                    0x20000034   Section        8  os.o(.data)
    .data                                    0x2000003c   Section       16  uart.o(.data)
    .data                                    0x2000004c   Section       16  adc.o(.data)
    .bss                                     0x2000005c   Section       12  st7735.o(.bss)
    .bss                                     0x20000068   Section       32  uart.o(.bss)
    RxFifo                                   0x20000068   Data          16  uart.o(.bss)
    TxFifo                                   0x20000078   Data          16  uart.o(.bss)
    .bss                                     0x20000088   Section     1024  adc.o(.bss)
    ADCFifo                                  0x20000088   Data        1024  adc.o(.bss)
    STACK                                    0x20000488   Section     1024  startup.o(STACK)
    StackMem                                 0x20000488   Data           0  startup.o(STACK)

    Global Symbols

    Symbol Name                              Value     Ov Type        Size  Object(Section)

    BuildAttributes$$THM_ISAv4$E$P$D$K$B$S$7EM$PE$A:L22UL41UL21$X:L11$S22US41US21$IEEE1$IW$USESV6$~STKCKD$USESV7$~SHL$OSPACE$EBA8$MICROLIB$REQ8$PRES8$EABIv2 0x00000000   Number         0  anon$$obj.o ABSOLUTE
    __ARM_use_no_argv                        0x00000000   Number         0  st7735testmain.o ABSOLUTE
    __Vectors                                0x00000000   Data           0  startup.o(RESET)
    __cpp_initialize__aeabi_                  - Undefined Weak Reference
    __cxa_finalize                            - Undefined Weak Reference
    __decompress                              - Undefined Weak Reference
    _clock_init                               - Undefined Weak Reference
    _microlib_exit                            - Undefined Weak Reference
    Reset_Handler                            0x0000026d   Thumb Code     0  startup.o(RESET)
    NMI_Handler                              0x00000271   Thumb Code     2  startup.o(RESET)
    HardFault_Handler                        0x00000273   Thumb Code     2  startup.o(RESET)
    MemManage_Handler                        0x00000275   Thumb Code     2  startup.o(RESET)
    BusFault_Handler                         0x00000277   Thumb Code     2  startup.o(RESET)
    UsageFault_Handler                       0x00000279   Thumb Code     2  startup.o(RESET)
    SVC_Handler                              0x0000027b   Thumb Code     2  startup.o(RESET)
    DebugMon_Handler                         0x0000027d   Thumb Code     2  startup.o(RESET)
    PendSV_Handler                           0x0000027f   Thumb Code     2  startup.o(RESET)
    SysTick_Handler                          0x00000281   Thumb Code     2  startup.o(RESET)
    ADC0Seq0_Handler                         0x00000283   Thumb Code     0  startup.o(RESET)
    ADC0Seq1_Handler                         0x00000283   Thumb Code     0  startup.o(RESET)
    ADC0Seq2_Handler                         0x00000283   Thumb Code     0  startup.o(RESET)
    ADC1Seq0_Handler                         0x00000283   Thumb Code     0  startup.o(RESET)
    ADC1Seq1_Handler                         0x00000283   Thumb Code     0  startup.o(RESET)
    ADC1Seq2_Handler                         0x00000283   Thumb Code     0  startup.o(RESET)
    ADC1Seq3_Handler                         0x00000283   Thumb Code     0  startup.o(RESET)
    CAN0_Handler                             0x00000283   Thumb Code     0  startup.o(RESET)
    CAN1_Handler                             0x00000283   Thumb Code     0  startup.o(RESET)
    CAN2_Handler                             0x00000283   Thumb Code     0  startup.o(RESET)
    Comp0_Handler                            0x00000283   Thumb Code     0  startup.o(RESET)
    Comp1_Handler                            0x00000283   Thumb Code     0  startup.o(RESET)
    Comp2_Handler                            0x00000283   Thumb Code     0  startup.o(RESET)
    Ethernet_Handler                         0x00000283   Thumb Code     0  startup.o(RESET)
    ExtBus_Handler                           0x00000283   Thumb Code     0  startup.o(RESET)
    FPU_Handler                              0x00000283   Thumb Code     0  startup.o(RESET)
    Fan0_Handler                             0x00000283   Thumb Code     0  startup.o(RESET)
    FlashCtl_Handler                         0x00000283   Thumb Code     0  startup.o(RESET)
    GPIOPortA_Handler                        0x00000283   Thumb Code     0  startup.o(RESET)
    GPIOPortB_Handler                        0x00000283   Thumb Code     0  startup.o(RESET)
    GPIOPortC_Handler                        0x00000283   Thumb Code     0  startup.o(RESET)
    GPIOPortD_Handler                        0x00000283   Thumb Code     0  startup.o(RESET)
    GPIOPortE_Handler                        0x00000283   Thumb Code     0  startup.o(RESET)
    GPIOPortF_Handler                        0x00000283   Thumb Code     0  startup.o(RESET)
    GPIOPortG_Handler                        0x00000283   Thumb Code     0  startup.o(RESET)
    GPIOPortH_Handler                        0x00000283   Thumb Code     0  startup.o(RESET)
    GPIOPortJ_Handler                        0x00000283   Thumb Code     0  startup.o(RESET)
    GPIOPortK_Handler                        0x00000283   Thumb Code     0  startup.o(RESET)
    GPIOPortL_Handler                        0x00000283   Thumb Code     0  startup.o(RESET)
    GPIOPortM_Handler                        0x00000283   Thumb Code     0  startup.o(RESET)
    GPIOPortN_Handler                        0x00000283   Thumb Code     0  startup.o(RESET)
    GPIOPortP1_Handler                       0x00000283   Thumb Code     0  startup.o(RESET)
    GPIOPortP2_Handler                       0x00000283   Thumb Code     0  startup.o(RESET)
    GPIOPortP3_Handler                       0x00000283   Thumb Code     0  startup.o(RESET)
    GPIOPortP4_Handler                       0x00000283   Thumb Code     0  startup.o(RESET)
    GPIOPortP5_Handler                       0x00000283   Thumb Code     0  startup.o(RESET)
    GPIOPortP6_Handler                       0x00000283   Thumb Code     0  startup.o(RESET)
    GPIOPortP7_Handler                       0x00000283   Thumb Code     0  startup.o(RESET)
    GPIOPortP_Handler                        0x00000283   Thumb Code     0  startup.o(RESET)
    GPIOPortQ1_Handler                       0x00000283   Thumb Code     0  startup.o(RESET)
    GPIOPortQ2_Handler                       0x00000283   Thumb Code     0  startup.o(RESET)
    GPIOPortQ3_Handler                       0x00000283   Thumb Code     0  startup.o(RESET)
    GPIOPortQ4_Handler                       0x00000283   Thumb Code     0  startup.o(RESET)
    GPIOPortQ5_Handler                       0x00000283   Thumb Code     0  startup.o(RESET)
    GPIOPortQ6_Handler                       0x00000283   Thumb Code     0  startup.o(RESET)
    GPIOPortQ7_Handler                       0x00000283   Thumb Code     0  startup.o(RESET)
    GPIOPortQ_Handler                        0x00000283   Thumb Code     0  startup.o(RESET)
    GPIOPortR_Handler                        0x00000283   Thumb Code     0  startup.o(RESET)
    GPIOPortS_Handler                        0x00000283   Thumb Code     0  startup.o(RESET)
    Hibernate_Handler                        0x00000283   Thumb Code     0  startup.o(RESET)
    I2C0_Handler                             0x00000283   Thumb Code     0  startup.o(RESET)
    I2C1_Handler                             0x00000283   Thumb Code     0  startup.o(RESET)
    I2C2_Handler                             0x00000283   Thumb Code     0  startup.o(RESET)
    I2C3_Handler                             0x00000283   Thumb Code     0  startup.o(RESET)
    I2C4_Handler                             0x00000283   Thumb Code     0  startup.o(RESET)
    I2C5_Handler                             0x00000283   Thumb Code     0  startup.o(RESET)
    I2S0_Handler                             0x00000283   Thumb Code     0  startup.o(RESET)
    LPC0_Handler                             0x00000283   Thumb Code     0  startup.o(RESET)
    PECI0_Handler                            0x00000283   Thumb Code     0  startup.o(RESET)
    PWM0Fault_Handler                        0x00000283   Thumb Code     0  startup.o(RESET)
    PWM0Generator0_Handler                   0x00000283   Thumb Code     0  startup.o(RESET)
    PWM0Generator1_Handler                   0x00000283   Thumb Code     0  startup.o(RESET)
    PWM0Generator2_Handler                   0x00000283   Thumb Code     0  startup.o(RESET)
    PWM0Generator3_Handler                   0x00000283   Thumb Code     0  startup.o(RESET)
    PWM1Fault_Handler                        0x00000283   Thumb Code     0  startup.o(RESET)
    PWM1Generator0_Handler                   0x00000283   Thumb Code     0  startup.o(RESET)
    PWM1Generator1_Handler                   0x00000283   Thumb Code     0  startup.o(RESET)
    PWM1Generator2_Handler                   0x00000283   Thumb Code     0  startup.o(RESET)
    PWM1Generator3_Handler                   0x00000283   Thumb Code     0  startup.o(RESET)
    Quadrature0_Handler                      0x00000283   Thumb Code     0  startup.o(RESET)
    Quadrature1_Handler                      0x00000283   Thumb Code     0  startup.o(RESET)
    Quadrature2_Handler                      0x00000283   Thumb Code     0  startup.o(RESET)
    SSI0_Handler                             0x00000283   Thumb Code     0  startup.o(RESET)
    SSI1_Handler                             0x00000283   Thumb Code     0  startup.o(RESET)
    SSI2_Handler                             0x00000283   Thumb Code     0  startup.o(RESET)
    SSI3_Handler                             0x00000283   Thumb Code     0  startup.o(RESET)
    SysCtl_Handler                           0x00000283   Thumb Code     0  startup.o(RESET)
    Timer0A_Handler                          0x00000283   Thumb Code     0  startup.o(RESET)
    Timer0B_Handler                          0x00000283   Thumb Code     0  startup.o(RESET)
    Timer1A_Handler                          0x00000283   Thumb Code     0  startup.o(RESET)
    Timer1B_Handler                          0x00000283   Thumb Code     0  startup.o(RESET)
    Timer2A_Handler                          0x00000283   Thumb Code     0  startup.o(RESET)
    Timer2B_Handler                          0x00000283   Thumb Code     0  startup.o(RESET)
    Timer3A_Handler                          0x00000283   Thumb Code     0  startup.o(RESET)
    Timer3B_Handler                          0x00000283   Thumb Code     0  startup.o(RESET)
    Timer4B_Handler                          0x00000283   Thumb Code     0  startup.o(RESET)
    Timer5A_Handler                          0x00000283   Thumb Code     0  startup.o(RESET)
    Timer5B_Handler                          0x00000283   Thumb Code     0  startup.o(RESET)
    UART1_Handler                            0x00000283   Thumb Code     0  startup.o(RESET)
    UART2_Handler                            0x00000283   Thumb Code     0  startup.o(RESET)
    UART3_Handler                            0x00000283   Thumb Code     0  startup.o(RESET)
    UART4_Handler                            0x00000283   Thumb Code     0  startup.o(RESET)
    UART5_Handler                            0x00000283   Thumb Code     0  startup.o(RESET)
    UART6_Handler                            0x00000283   Thumb Code     0  startup.o(RESET)
    UART7_Handler                            0x00000283   Thumb Code     0  startup.o(RESET)
    USB0_Handler                             0x00000283   Thumb Code     0  startup.o(RESET)
    WDT_Handler                              0x00000283   Thumb Code     0  startup.o(RESET)
    WideTimer0A_Handler                      0x00000283   Thumb Code     0  startup.o(RESET)
    WideTimer0B_Handler                      0x00000283   Thumb Code     0  startup.o(RESET)
    WideTimer1A_Handler                      0x00000283   Thumb Code     0  startup.o(RESET)
    WideTimer1B_Handler                      0x00000283   Thumb Code     0  startup.o(RESET)
    WideTimer2A_Handler                      0x00000283   Thumb Code     0  startup.o(RESET)
    WideTimer2B_Handler                      0x00000283   Thumb Code     0  startup.o(RESET)
    WideTimer3A_Handler                      0x00000283   Thumb Code     0  startup.o(RESET)
    WideTimer3B_Handler                      0x00000283   Thumb Code     0  startup.o(RESET)
    WideTimer4A_Handler                      0x00000283   Thumb Code     0  startup.o(RESET)
    WideTimer4B_Handler                      0x00000283   Thumb Code     0  startup.o(RESET)
    WideTimer5A_Handler                      0x00000283   Thumb Code     0  startup.o(RESET)
    WideTimer5B_Handler                      0x00000283   Thumb Code     0  startup.o(RESET)
    uDMA_Error                               0x00000283   Thumb Code     0  startup.o(RESET)
    uDMA_Handler                             0x00000283   Thumb Code     0  startup.o(RESET)
    __main                                   0x00000285   Thumb Code     0  entry.o(.ARM.Collect$$$$00000000)
    _main_stk                                0x00000285   Thumb Code     0  entry2.o(.ARM.Collect$$$$00000001)
    _main_scatterload                        0x00000289   Thumb Code     0  entry5.o(.ARM.Collect$$$$00000004)
    __main_after_scatterload                 0x0000028d   Thumb Code     0  entry5.o(.ARM.Collect$$$$00000004)
    _main_clock                              0x0000028d   Thumb Code     0  entry7b.o(.ARM.Collect$$$$00000008)
    _main_cpp_init                           0x0000028d   Thumb Code     0  entry8b.o(.ARM.Collect$$$$0000000A)
    _main_init                               0x0000028d   Thumb Code     0  entry9a.o(.ARM.Collect$$$$0000000B)
    __rt_final_cpp                           0x00000295   Thumb Code     0  entry10a.o(.ARM.Collect$$$$0000000D)
    __rt_final_exit                          0x00000295   Thumb Code     0  entry11a.o(.ARM.Collect$$$$0000000F)
    DisableInterrupts                        0x00000299   Thumb Code     0  startup.o(.text)
    EnableInterrupts                         0x0000029d   Thumb Code     0  startup.o(.text)
    StartCritical                            0x000002a1   Thumb Code     0  startup.o(.text)
    EndCritical                              0x000002a9   Thumb Code     0  startup.o(.text)
    WaitForInterrupt                         0x000002af   Thumb Code     0  startup.o(.text)
    __aeabi_memset                           0x000002b5   Thumb Code    14  memseta.o(.text)
    __aeabi_memset4                          0x000002b5   Thumb Code     0  memseta.o(.text)
    __aeabi_memset8                          0x000002b5   Thumb Code     0  memseta.o(.text)
    __aeabi_memclr                           0x000002c3   Thumb Code     4  memseta.o(.text)
    __aeabi_memclr4                          0x000002c3   Thumb Code     0  memseta.o(.text)
    __aeabi_memclr8                          0x000002c3   Thumb Code     0  memseta.o(.text)
    _memset$wrapper                          0x000002c7   Thumb Code    18  memseta.o(.text)
    strlen                                   0x000002d9   Thumb Code    14  strlen.o(.text)
    strcmp                                   0x000002e7   Thumb Code    28  strcmp.o(.text)
    __scatterload                            0x00000305   Thumb Code    28  init.o(.text)
    __scatterload_rt2                        0x00000305   Thumb Code     0  init.o(.text)
    ADC0Seq3_Handler                         0x00000329   Thumb Code    66  adc.o(i.ADC0Seq3_Handler)
    ADCFifo_Put                              0x00000385   Thumb Code    48  adc.o(i.ADCFifo_Put)
    ADCFifo_Size                             0x000003c1   Thumb Code    14  adc.o(i.ADCFifo_Size)
    ADC_Start_Collect                        0x000003d9   Thumb Code  1108  adc.o(i.ADC_Start_Collect)
    ADC_Status                               0x00000835   Thumb Code    22  adc.o(i.ADC_Status)
    Delay1ms                                 0x00000851   Thumb Code    32  st7735.o(i.Delay1ms)
    OS_AddPeriodicThread                     0x00000871   Thumb Code    82  os.o(i.OS_AddPeriodicThread)
    PLL_Init                                 0x000008d9   Thumb Code   118  pll.o(i.PLL_Init)
    RxFifo_Get                               0x00000955   Thumb Code    46  uart.o(i.RxFifo_Get)
    RxFifo_Init                              0x00000991   Thumb Code    26  uart.o(i.RxFifo_Init)
    RxFifo_Put                               0x000009b5   Thumb Code    48  uart.o(i.RxFifo_Put)
    RxFifo_Size                              0x000009f1   Thumb Code    14  uart.o(i.RxFifo_Size)
    ST7735_DrawCharS                         0x00000a09   Thumb Code   232  st7735.o(i.ST7735_DrawCharS)
    ST7735_DrawPixel                         0x00000afd   Thumb Code    64  st7735.o(i.ST7735_DrawPixel)
    ST7735_DrawString                        0x00000b45   Thumb Code    86  st7735.o(i.ST7735_DrawString)
    ST7735_FillRect                          0x00000b9d   Thumb Code   164  st7735.o(i.ST7735_FillRect)
    ST7735_FillScreen                        0x00000c49   Thumb Code    28  st7735.o(i.ST7735_FillScreen)
    ST7735_InitR                             0x00000c6d   Thumb Code    90  st7735.o(i.ST7735_InitR)
    ST7735_Message                           0x00000ce9   Thumb Code   212  st7735.o(i.ST7735_Message)
    ST7735_OutChar                           0x00000de5   Thumb Code   176  st7735.o(i.ST7735_OutChar)
    ST7735_OutString                         0x00000eb9   Thumb Code    24  st7735.o(i.ST7735_OutString)
    ST7735_SetCursor                         0x00000ed1   Thumb Code    22  st7735.o(i.ST7735_SetCursor)
    Timer4A_Handler                          0x00000ef1   Thumb Code    16  os.o(i.Timer4A_Handler)
    TxFifo_Get                               0x00000f09   Thumb Code    46  uart.o(i.TxFifo_Get)
    TxFifo_Init                              0x00000f45   Thumb Code    26  uart.o(i.TxFifo_Init)
    TxFifo_Size                              0x00000f69   Thumb Code    14  uart.o(i.TxFifo_Size)
    UART0_Handler                            0x00000f81   Thumb Code    64  uart.o(i.UART0_Handler)
    UART_InChar                              0x00000fc5   Thumb Code    20  uart.o(i.UART_InChar)
    UART_Init                                0x00000fd9   Thumb Code   178  uart.o(i.UART_Init)
    UART_Parse_String                        0x000010a5   Thumb Code   110  st7735testmain.o(i.UART_Parse_String)
    UserTask                                 0x0000112d   Thumb Code    24  st7735testmain.o(i.UserTask)
    __scatterload_copy                       0x0000114d   Thumb Code    14  handlers.o(i.__scatterload_copy)
    __scatterload_null                       0x0000115b   Thumb Code     2  handlers.o(i.__scatterload_null)
    __scatterload_zeroinit                   0x0000115d   Thumb Code    14  handlers.o(i.__scatterload_zeroinit)
    fillmessage                              0x00001399   Thumb Code    64  st7735.o(i.fillmessage)
    main                                     0x000013e1   Thumb Code   150  st7735testmain.o(i.main)
    dBfs                                     0x00001b62   Data         512  st7735.o(.constdata)
    Region$$Table$$Base                      0x00001d64   Number         0  anon$$obj.o(Region$$Table)
    Region$$Table$$Limit                     0x00001d84   Number         0  anon$$obj.o(Region$$Table)
    StX                                      0x20000000   Data           4  st7735.o(.data)
    StY                                      0x20000004   Data           4  st7735.o(.data)
    StTextColor                              0x20000008   Data           2  st7735.o(.data)
    lastj                                    0x20000010   Data           4  st7735.o(.data)
    Messageindex                             0x20000018   Data           4  st7735.o(.data)
    Ymax                                     0x2000001c   Data           4  st7735.o(.data)
    Ymin                                     0x20000020   Data           4  st7735.o(.data)
    X                                        0x20000024   Data           4  st7735.o(.data)
    Yrange                                   0x20000028   Data           4  st7735.o(.data)
    parse_buf                                0x20000030   Data           3  st7735testmain.o(.data)
    counter                                  0x20000034   Data           4  os.o(.data)
    PeriodicTask                             0x20000038   Data           4  os.o(.data)
    RxPutI                                   0x2000003c   Data           4  uart.o(.data)
    RxGetI                                   0x20000040   Data           4  uart.o(.data)
    TxPutI                                   0x20000044   Data           4  uart.o(.data)
    TxGetI                                   0x20000048   Data           4  uart.o(.data)
    ADCPutI                                  0x2000004c   Data           4  adc.o(.data)
    ADCGetI                                  0x20000050   Data           4  adc.o(.data)
    g_numberOfSamples                        0x20000054   Data           4  adc.o(.data)
    ADCvalue                                 0x20000058   Data           4  adc.o(.data)
    Message                                  0x2000005c   Data          12  st7735.o(.bss)
    __initial_sp                             0x20000888   Data           0  startup.o(STACK)



==============================================================================

Memory Map of the image

  Image Entry point : 0x0000026d

  Load Region LR_1 (Base: 0x00000000, Size: 0x00001de0, Max: 0xffffffff, ABSOLUTE)

    Execution Region ER_RO (Base: 0x00000000, Size: 0x00001d84, Max: 0xffffffff, ABSOLUTE)

    Base Addr    Size         Type   Attr      Idx    E Section Name        Object

    0x00000000   0x00000284   Code   RO            3  * RESET               startup.o
    0x00000284   0x00000000   Code   RO          609  * .ARM.Collect$$$$00000000  mc_w.l(entry.o)
    0x00000284   0x00000004   Code   RO          618    .ARM.Collect$$$$00000001  mc_w.l(entry2.o)
    0x00000288   0x00000004   Code   RO          621    .ARM.Collect$$$$00000004  mc_w.l(entry5.o)
    0x0000028c   0x00000000   Code   RO          623    .ARM.Collect$$$$00000008  mc_w.l(entry7b.o)
    0x0000028c   0x00000000   Code   RO          625    .ARM.Collect$$$$0000000A  mc_w.l(entry8b.o)
    0x0000028c   0x00000008   Code   RO          626    .ARM.Collect$$$$0000000B  mc_w.l(entry9a.o)
    0x00000294   0x00000000   Code   RO          628    .ARM.Collect$$$$0000000D  mc_w.l(entry10a.o)
    0x00000294   0x00000000   Code   RO          630    .ARM.Collect$$$$0000000F  mc_w.l(entry11a.o)
    0x00000294   0x00000004   Code   RO          619    .ARM.Collect$$$$00002712  mc_w.l(entry2.o)
    0x00000298   0x0000001c   Code   RO            4    .text               startup.o
    0x000002b4   0x00000024   Code   RO          612    .text               mc_w.l(memseta.o)
    0x000002d8   0x0000000e   Code   RO          614    .text               mc_w.l(strlen.o)
    0x000002e6   0x0000001c   Code   RO          616    .text               mc_w.l(strcmp.o)
    0x00000302   0x00000002   PAD
    0x00000304   0x00000024   Code   RO          632    .text               mc_w.l(init.o)
    0x00000328   0x0000005c   Code   RO          551    i.ADC0Seq3_Handler  adc.o
    0x00000384   0x0000003c   Code   RO          554    i.ADCFifo_Put       adc.o
    0x000003c0   0x00000018   Code   RO          555    i.ADCFifo_Size      adc.o
    0x000003d8   0x0000045c   Code   RO          556    i.ADC_Start_Collect  adc.o
    0x00000834   0x0000001c   Code   RO          557    i.ADC_Status        adc.o
    0x00000850   0x00000020   Code   RO           34    i.Delay1ms          st7735.o
    0x00000870   0x00000068   Code   RO          357    i.OS_AddPeriodicThread  os.o
    0x000008d8   0x0000007c   Code   RO           12    i.PLL_Init          pll.o
    0x00000954   0x0000003c   Code   RO          399    i.RxFifo_Get        uart.o
    0x00000990   0x00000024   Code   RO          400    i.RxFifo_Init       uart.o
    0x000009b4   0x0000003c   Code   RO          401    i.RxFifo_Put        uart.o
    0x000009f0   0x00000018   Code   RO          402    i.RxFifo_Size       uart.o
    0x00000a08   0x000000f4   Code   RO           43    i.ST7735_DrawCharS  st7735.o
    0x00000afc   0x00000048   Code   RO           46    i.ST7735_DrawPixel  st7735.o
    0x00000b44   0x00000056   Code   RO           47    i.ST7735_DrawString  st7735.o
    0x00000b9a   0x00000002   PAD
    0x00000b9c   0x000000ac   Code   RO           48    i.ST7735_FillRect   st7735.o
    0x00000c48   0x00000024   Code   RO           49    i.ST7735_FillScreen  st7735.o
    0x00000c6c   0x0000007c   Code   RO           51    i.ST7735_InitR      st7735.o
    0x00000ce8   0x000000fc   Code   RO           53    i.ST7735_Message    st7735.o
    0x00000de4   0x000000d4   Code   RO           54    i.ST7735_OutChar    st7735.o
    0x00000eb8   0x00000018   Code   RO           55    i.ST7735_OutString  st7735.o
    0x00000ed0   0x00000020   Code   RO           65    i.ST7735_SetCursor  st7735.o
    0x00000ef0   0x00000018   Code   RO          360    i.Timer4A_Handler   os.o
    0x00000f08   0x0000003c   Code   RO          403    i.TxFifo_Get        uart.o
    0x00000f44   0x00000024   Code   RO          404    i.TxFifo_Init       uart.o
    0x00000f68   0x00000018   Code   RO          406    i.TxFifo_Size       uart.o
    0x00000f80   0x00000044   Code   RO          407    i.UART0_Handler     uart.o
    0x00000fc4   0x00000014   Code   RO          408    i.UART_InChar       uart.o
    0x00000fd8   0x000000cc   Code   RO          412    i.UART_Init         uart.o
    0x000010a4   0x00000088   Code   RO          299    i.UART_Parse_String  st7735testmain.o
    0x0000112c   0x00000020   Code   RO          300    i.UserTask          st7735testmain.o
    0x0000114c   0x0000000e   Code   RO          636    i.__scatterload_copy  mc_w.l(handlers.o)
    0x0000115a   0x00000002   Code   RO          637    i.__scatterload_null  mc_w.l(handlers.o)
    0x0000115c   0x0000000e   Code   RO          638    i.__scatterload_zeroinit  mc_w.l(handlers.o)
    0x0000116a   0x00000056   Code   RO           69    i.commandList       st7735.o
    0x000011c0   0x00000184   Code   RO           70    i.commonInit        st7735.o
    0x00001344   0x00000028   Code   RO          417    i.copyHardwareToSoftware  uart.o
    0x0000136c   0x0000002c   Code   RO          418    i.copySoftwareToHardware  uart.o
    0x00001398   0x00000048   Code   RO           71    i.fillmessage       st7735.o
    0x000013e0   0x000000c8   Code   RO          301    i.main              st7735testmain.o
    0x000014a8   0x00000012   Code   RO           72    i.pushColor         st7735.o
    0x000014ba   0x00000002   PAD
    0x000014bc   0x00000074   Code   RO           73    i.setAddrWindow     st7735.o
    0x00001530   0x00000030   Code   RO           74    i.writecommand      st7735.o
    0x00001560   0x00000020   Code   RO           75    i.writedata         st7735.o
    0x00001580   0x000007e2   Data   RO           77    .constdata          st7735.o
    0x00001d62   0x00000002   PAD
    0x00001d64   0x00000020   Data   RO          634    Region$$Table       anon$$obj.o


    Execution Region ER_RW (Base: 0x20000000, Size: 0x0000005c, Max: 0xffffffff, ABSOLUTE)

    Base Addr    Size         Type   Attr      Idx    E Section Name        Object

    0x20000000   0x0000002c   Data   RW           78    .data               st7735.o
    0x2000002c   0x00000007   Data   RW          304    .data               st7735testmain.o
    0x20000033   0x00000001   PAD
    0x20000034   0x00000008   Data   RW          362    .data               os.o
    0x2000003c   0x00000010   Data   RW          423    .data               uart.o
    0x2000004c   0x00000010   Data   RW          559    .data               adc.o


    Execution Region ER_ZI (Base: 0x2000005c, Size: 0x0000082c, Max: 0xffffffff, ABSOLUTE)

    Base Addr    Size         Type   Attr      Idx    E Section Name        Object

    0x2000005c   0x0000000c   Zero   RW           76    .bss                st7735.o
    0x20000068   0x00000020   Zero   RW          422    .bss                uart.o
    0x20000088   0x00000400   Zero   RW          558    .bss                adc.o
    0x20000488   0x00000400   Zero   RW            1    STACK               startup.o


==============================================================================

Image component sizes


      Code (inc. data)   RO Data    RW Data    ZI Data      Debug   Object Name

      1320        142          0         16       1024       4362   adc.o
       128         30          0          8          0       1384   os.o
       124          6          0          0          0       4615   pll.o
      2046        238       2018         44         12      13101   st7735.o
       368         84          0          7          0       2336   st7735testmain.o
       672        622          0          0       1024        868   startup.o
       676        120          0         16         32       5931   uart.o

    ----------------------------------------------------------------------
      5338       1242       2052         92       2092      32597   Object Totals
         0          0         32          0          0          0   (incl. Generated)
         4          0          2          1          0          0   (incl. Padding)

    ----------------------------------------------------------------------

      Code (inc. data)   RO Data    RW Data    ZI Data      Debug   Library Member Name

         0          0          0          0          0          0   entry.o
         0          0          0          0          0          0   entry10a.o
         0          0          0          0          0          0   entry11a.o
         8          4          0          0          0          0   entry2.o
         4          0          0          0          0          0   entry5.o
         0          0          0          0          0          0   entry7b.o
         0          0          0          0          0          0   entry8b.o
         8          4          0          0          0          0   entry9a.o
        30          0          0          0          0          0   handlers.o
        36          8          0          0          0         68   init.o
        36          0          0          0          0        108   memseta.o
        28          0          0          0          0         76   strcmp.o
        14          0          0          0          0         68   strlen.o

    ----------------------------------------------------------------------
       166         16          0          0          0        320   Library Totals
         2          0          0          0          0          0   (incl. Padding)

    ----------------------------------------------------------------------

      Code (inc. data)   RO Data    RW Data    ZI Data      Debug   Library Name

       164         16          0          0          0        320   mc_w.l

    ----------------------------------------------------------------------
       166         16          0          0          0        320   Library Totals

    ----------------------------------------------------------------------

==============================================================================


      Code (inc. data)   RO Data    RW Data    ZI Data      Debug   

      5504       1258       2052         92       2092      30889   Grand Totals
      5504       1258       2052         92       2092      30889   ELF Image Totals
      5504       1258       2052         92          0          0   ROM Totals

==============================================================================

    Total RO  Size (Code + RO Data)                 7556 (   7.38kB)
    Total RW  Size (RW Data + ZI Data)              2184 (   2.13kB)
    Total ROM Size (Code + RO Data + RW Data)       7648 (   7.47kB)

==============================================================================

